Apr 24 08:00:24 cis415-desktop rsyslogd: [origin software="rsyslogd" swVersion="4.2.0" x-pid="549" x-info="http://www.rsyslog.com"] rsyslogd was HUPed, type 'lightweight'.
Apr 24 08:00:38 cis415-desktop anacron[30441]: Job `cron.daily' terminated
Apr 24 08:00:38 cis415-desktop anacron[30441]: Normal exit (1 job run)
Apr 24 08:08:37 cis415-desktop NetworkManager: <info>  DHCP: device eth1 state changed reboot -> expire
Apr 24 08:08:37 cis415-desktop NetworkManager: <info>  DHCP: device eth1 state changed expire -> preinit
Apr 24 08:08:37 cis415-desktop dhclient: DHCPDISCOVER on eth1 to 255.255.255.255 port 67 interval 6
Apr 24 08:08:37 cis415-desktop dhclient: DHCPOFFER of 10.0.2.15 from 10.0.2.2
Apr 24 08:08:37 cis415-desktop dhclient: DHCPREQUEST of 10.0.2.15 on eth1 to 255.255.255.255 port 67
Apr 24 08:08:37 cis415-desktop dhclient: DHCPACK of 10.0.2.15 from 10.0.2.2
Apr 24 08:08:37 cis415-desktop NetworkManager: <info>  DHCP: device eth1 state changed preinit -> bound
Apr 24 08:08:37 cis415-desktop NetworkManager: <info>    address 10.0.2.15
Apr 24 08:08:37 cis415-desktop NetworkManager: <info>    prefix 24 (255.255.255.0)
Apr 24 08:08:37 cis415-desktop NetworkManager: <info>    gateway 10.0.2.2
Apr 24 08:08:37 cis415-desktop NetworkManager: <info>    nameserver '8.8.8.8'
Apr 24 08:08:37 cis415-desktop dhclient: bound to 10.0.2.15 -- renewal in 40285 seconds.
Apr 24 08:17:01 cis415-desktop CRON[30613]: (root) CMD (   cd / && run-parts --report /etc/cron.hourly)
Apr 24 08:59:55 cis415-desktop pulseaudio[1217]: sink-input.c: Failed to create sink input: too many inputs per sink.
Apr 24 09:00:18 cis415-desktop pulseaudio[1217]: last message repeated 3 times
Apr 24 09:00:18 cis415-desktop kernel: Kernel logging (proc) stopped.
Apr 24 09:00:59 cis415-desktop kernel: imklog 4.2.0, log source = /proc/kmsg started.
Apr 24 09:00:59 cis415-desktop rsyslogd: [origin software="rsyslogd" swVersion="4.2.0" x-pid="549" x-info="http://www.rsyslog.com"] (re)start
Apr 24 09:00:59 cis415-desktop rsyslogd: rsyslogd's groupid changed to 103
Apr 24 09:00:59 cis415-desktop rsyslogd: rsyslogd's userid changed to 101
Apr 24 09:00:59 cis415-desktop rsyslogd-2039: Could no open output file '/dev/xconsole' [try http://www.rsyslog.com/e/2039 ]
Apr 24 09:00:59 cis415-desktop kernel: [    0.000000] Initializing cgroup subsys cpuset
Apr 24 09:00:59 cis415-desktop kernel: [    0.000000] Initializing cgroup subsys cpu
Apr 24 09:00:59 cis415-desktop kernel: [    0.000000] Linux version 2.6.32.57+drm33.23-alpha (root@cis415-desktop) (gcc version 4.4.3 (Ubuntu 4.4.3-4ubuntu5.1) ) #1 SMP Sat Apr 21 22:21:34 PDT 2012 (Ubuntu 2.6.32-40.87-generic 2.6.32.57+drm33.23)
Apr 24 09:00:59 cis415-desktop kernel: [    0.000000] KERNEL supported cpus:
Apr 24 09:00:59 cis415-desktop kernel: [    0.000000]   Intel GenuineIntel
Apr 24 09:00:59 cis415-desktop kernel: [    0.000000]   AMD AuthenticAMD
Apr 24 09:00:59 cis415-desktop kernel: [    0.000000]   NSC Geode by NSC
Apr 24 09:00:59 cis415-desktop kernel: [    0.000000]   Cyrix CyrixInstead
Apr 24 09:00:59 cis415-desktop kernel: [    0.000000]   Centaur CentaurHauls
Apr 24 09:00:59 cis415-desktop kernel: [    0.000000]   Transmeta GenuineTMx86
Apr 24 09:00:59 cis415-desktop kernel: [    0.000000]   Transmeta TransmetaCPU
Apr 24 09:00:59 cis415-desktop kernel: [    0.000000]   UMC UMC UMC UMC
Apr 24 09:00:59 cis415-desktop kernel: [    0.000000] BIOS-provided physical RAM map:
Apr 24 09:00:59 cis415-desktop kernel: [    0.000000]  BIOS-e820: 0000000000000000 - 000000000009fc00 (usable)
Apr 24 09:00:59 cis415-desktop kernel: [    0.000000]  BIOS-e820: 000000000009fc00 - 00000000000a0000 (reserved)
Apr 24 09:00:59 cis415-desktop kernel: [    0.000000]  BIOS-e820: 00000000000f0000 - 0000000000100000 (reserved)
Apr 24 09:00:59 cis415-desktop kernel: [    0.000000]  BIOS-e820: 0000000000100000 - 000000002fff0000 (usable)
Apr 24 09:00:59 cis415-desktop kernel: [    0.000000]  BIOS-e820: 000000002fff0000 - 0000000030000000 (ACPI data)
Apr 24 09:00:59 cis415-desktop kernel: [    0.000000]  BIOS-e820: 00000000fffc0000 - 0000000100000000 (reserved)
Apr 24 09:00:59 cis415-desktop kernel: [    0.000000] DMI 2.5 present.
Apr 24 09:00:59 cis415-desktop kernel: [    0.000000] last_pfn = 0x2fff0 max_arch_pfn = 0x100000
Apr 24 09:00:59 cis415-desktop kernel: [    0.000000] MTRR default type: uncachable
Apr 24 09:00:59 cis415-desktop kernel: [    0.000000] MTRR variable ranges disabled:
Apr 24 09:00:59 cis415-desktop kernel: [    0.000000] x86 PAT enabled: cpu 0, old 0x7040600070406, new 0x7010600070106
Apr 24 09:00:59 cis415-desktop kernel: [    0.000000] CPU MTRRs all blank - virtualized system.
Apr 24 09:00:59 cis415-desktop kernel: [    0.000000] e820 update range: 0000000000002000 - 0000000000006000 (usable) ==> (reserved)
Apr 24 09:00:59 cis415-desktop kernel: [    0.000000] Scanning 1 areas for low memory corruption
Apr 24 09:00:59 cis415-desktop kernel: [    0.000000] modified physical RAM map:
Apr 24 09:00:59 cis415-desktop kernel: [    0.000000]  modified: 0000000000000000 - 0000000000002000 (usable)
Apr 24 09:00:59 cis415-desktop kernel: [    0.000000]  modified: 0000000000002000 - 0000000000006000 (reserved)
Apr 24 09:00:59 cis415-desktop kernel: [    0.000000]  modified: 0000000000006000 - 000000000009fc00 (usable)
Apr 24 09:00:59 cis415-desktop kernel: [    0.000000]  modified: 000000000009fc00 - 00000000000a0000 (reserved)
Apr 24 09:00:59 cis415-desktop kernel: [    0.000000]  modified: 00000000000f0000 - 0000000000100000 (reserved)
Apr 24 09:00:59 cis415-desktop kernel: [    0.000000]  modified: 0000000000100000 - 000000002fff0000 (usable)
Apr 24 09:00:59 cis415-desktop kernel: [    0.000000]  modified: 000000002fff0000 - 0000000030000000 (ACPI data)
Apr 24 09:00:59 cis415-desktop kernel: [    0.000000]  modified: 00000000fffc0000 - 0000000100000000 (reserved)
Apr 24 09:00:59 cis415-desktop kernel: [    0.000000] initial memory mapped : 0 - 00c00000
Apr 24 09:00:59 cis415-desktop kernel: [    0.000000] init_memory_mapping: 0000000000000000-000000002fff0000
Apr 24 09:00:59 cis415-desktop kernel: [    0.000000] Using x86 segment limits to approximate NX protection
Apr 24 09:00:59 cis415-desktop kernel: [    0.000000]  0000000000 - 0000400000 page 4k
Apr 24 09:00:59 cis415-desktop kernel: [    0.000000]  0000400000 - 002fc00000 page 2M
Apr 24 09:00:59 cis415-desktop kernel: [    0.000000]  002fc00000 - 002fff0000 page 4k
Apr 24 09:00:59 cis415-desktop kernel: [    0.000000] kernel direct mapping tables up to 2fff0000 @ 7000-c000
Apr 24 09:00:59 cis415-desktop kernel: [    0.000000] RAMDISK: 23846000 - 24033738
Apr 24 09:00:59 cis415-desktop kernel: [    0.000000] ACPI: RSDP 000e0000 00024 (v02 VBOX  )
Apr 24 09:00:59 cis415-desktop kernel: [    0.000000] ACPI: XSDT 2fff0030 00034 (v01 VBOX   VBOXXSDT 00000001 ASL  00000061)
Apr 24 09:00:59 cis415-desktop kernel: [    0.000000] ACPI: FACP 2fff00f0 000F4 (v04 VBOX   VBOXFACP 00000001 ASL  00000061)
Apr 24 09:00:59 cis415-desktop kernel: [    0.000000] ACPI: DSDT 2fff0410 01B96 (v01 VBOX   VBOXBIOS 00000002 INTL 20100528)
Apr 24 09:00:59 cis415-desktop kernel: [    0.000000] ACPI: FACS 2fff0200 00040
Apr 24 09:00:59 cis415-desktop kernel: [    0.000000] ACPI: SSDT 2fff0240 001CC (v01 VBOX   VBOXCPUT 00000002 INTL 20100528)
Apr 24 09:00:59 cis415-desktop kernel: [    0.000000] 0MB HIGHMEM available.
Apr 24 09:00:59 cis415-desktop kernel: [    0.000000] 767MB LOWMEM available.
Apr 24 09:00:59 cis415-desktop kernel: [    0.000000]   mapped low ram: 0 - 2fff0000
Apr 24 09:00:59 cis415-desktop kernel: [    0.000000]   low ram: 0 - 2fff0000
Apr 24 09:00:59 cis415-desktop kernel: [    0.000000]   node 0 low ram: 00000000 - 2fff0000
Apr 24 09:00:59 cis415-desktop kernel: [    0.000000]   node 0 bootmap 00008000 - 0000e000
Apr 24 09:00:59 cis415-desktop kernel: [    0.000000] (9 early reservations) ==> bootmem [0000000000 - 002fff0000]
Apr 24 09:00:59 cis415-desktop kernel: [    0.000000]   #0 [0000000000 - 0000001000]   BIOS data page ==> [0000000000 - 0000001000]
Apr 24 09:00:59 cis415-desktop kernel: [    0.000000]   #1 [0000001000 - 0000002000]    EX TRAMPOLINE ==> [0000001000 - 0000002000]
Apr 24 09:00:59 cis415-desktop kernel: [    0.000000]   #2 [0000006000 - 0000007000]       TRAMPOLINE ==> [0000006000 - 0000007000]
Apr 24 09:00:59 cis415-desktop kernel: [    0.000000]   #3 [0000100000 - 00008cef18]    TEXT DATA BSS ==> [0000100000 - 00008cef18]
Apr 24 09:00:59 cis415-desktop kernel: [    0.000000]   #4 [0023846000 - 0024033738]          RAMDISK ==> [0023846000 - 0024033738]
Apr 24 09:00:59 cis415-desktop kernel: [    0.000000]   #5 [000009fc00 - 0000100000]    BIOS reserved ==> [000009fc00 - 0000100000]
Apr 24 09:00:59 cis415-desktop kernel: [    0.000000]   #6 [00008cf000 - 00008d2071]              BRK ==> [00008cf000 - 00008d2071]
Apr 24 09:00:59 cis415-desktop kernel: [    0.000000]   #7 [0000007000 - 0000008000]          PGTABLE ==> [0000007000 - 0000008000]
Apr 24 09:00:59 cis415-desktop kernel: [    0.000000]   #8 [0000008000 - 000000e000]          BOOTMAP ==> [0000008000 - 000000e000]
Apr 24 09:00:59 cis415-desktop kernel: [    0.000000] Reserving 64MB of memory at 16MB for crashkernel (System RAM: 767MB)
Apr 24 09:00:59 cis415-desktop kernel: [    0.000000] Zone PFN ranges:
Apr 24 09:00:59 cis415-desktop kernel: [    0.000000]   DMA      0x00000000 -> 0x00001000
Apr 24 09:00:59 cis415-desktop kernel: [    0.000000]   Normal   0x00001000 -> 0x0002fff0
Apr 24 09:00:59 cis415-desktop kernel: [    0.000000]   HighMem  0x0002fff0 -> 0x0002fff0
Apr 24 09:00:59 cis415-desktop kernel: [    0.000000] Movable zone start PFN for each node
Apr 24 09:00:59 cis415-desktop kernel: [    0.000000] early_node_map[3] active PFN ranges
Apr 24 09:00:59 cis415-desktop kernel: [    0.000000]     0: 0x00000000 -> 0x00000002
Apr 24 09:00:59 cis415-desktop kernel: [    0.000000]     0: 0x00000006 -> 0x0000009f
Apr 24 09:00:59 cis415-desktop kernel: [    0.000000]     0: 0x00000100 -> 0x0002fff0
Apr 24 09:00:59 cis415-desktop kernel: [    0.000000] On node 0 totalpages: 196491
Apr 24 09:00:59 cis415-desktop kernel: [    0.000000] free_area_init_node: node 0, pgdat c078aa00, node_mem_map c5001000
Apr 24 09:00:59 cis415-desktop kernel: [    0.000000]   DMA zone: 32 pages used for memmap
Apr 24 09:00:59 cis415-desktop kernel: [    0.000000]   DMA zone: 0 pages reserved
Apr 24 09:00:59 cis415-desktop kernel: [    0.000000]   DMA zone: 3963 pages, LIFO batch:0
Apr 24 09:00:59 cis415-desktop kernel: [    0.000000]   Normal zone: 1504 pages used for memmap
Apr 24 09:00:59 cis415-desktop kernel: [    0.000000]   Normal zone: 190992 pages, LIFO batch:31
Apr 24 09:00:59 cis415-desktop kernel: [    0.000000] Using APIC driver default
Apr 24 09:00:59 cis415-desktop kernel: [    0.000000] ACPI: PM-Timer IO Port: 0x4008
Apr 24 09:00:59 cis415-desktop kernel: [    0.000000] SMP: Allowing 1 CPUs, 0 hotplug CPUs
Apr 24 09:00:59 cis415-desktop kernel: [    0.000000] Found and enabled local APIC!
Apr 24 09:00:59 cis415-desktop kernel: [    0.000000] nr_irqs_gsi: 16
Apr 24 09:00:59 cis415-desktop kernel: [    0.000000] PM: Registered nosave memory: 0000000000002000 - 0000000000006000
Apr 24 09:00:59 cis415-desktop kernel: [    0.000000] PM: Registered nosave memory: 000000000009f000 - 00000000000a0000
Apr 24 09:00:59 cis415-desktop kernel: [    0.000000] PM: Registered nosave memory: 00000000000a0000 - 00000000000f0000
Apr 24 09:00:59 cis415-desktop kernel: [    0.000000] PM: Registered nosave memory: 00000000000f0000 - 0000000000100000
Apr 24 09:00:59 cis415-desktop kernel: [    0.000000] Allocating PCI resources starting at 30000000 (gap: 30000000:cffc0000)
Apr 24 09:00:59 cis415-desktop kernel: [    0.000000] Booting paravirtualized kernel on bare hardware
Apr 24 09:00:59 cis415-desktop kernel: [    0.000000] NR_CPUS:8 nr_cpumask_bits:8 nr_cpu_ids:1 nr_node_ids:1
Apr 24 09:00:59 cis415-desktop kernel: [    0.000000] PERCPU: Embedded 14 pages/cpu @c5800000 s36056 r0 d21288 u4194304
Apr 24 09:00:59 cis415-desktop kernel: [    0.000000] pcpu-alloc: s36056 r0 d21288 u4194304 alloc=1*4194304
Apr 24 09:00:59 cis415-desktop kernel: [    0.000000] pcpu-alloc: [0] 0 
Apr 24 09:00:59 cis415-desktop kernel: [    0.000000] Built 1 zonelists in Zone order, mobility grouping on.  Total pages: 194955
Apr 24 09:00:59 cis415-desktop kernel: [    0.000000] Kernel command line: BOOT_IMAGE=/boot/vmlinuz-2.6.32.57+drm33.23-alpha root=UUID=827fd1f4-3293-40b0-9d20-b12d96d93a7e ro crashkernel=384M-2G:64M,2G-:128M quiet splash
Apr 24 09:00:59 cis415-desktop kernel: [    0.000000] PID hash table entries: 4096 (order: 2, 16384 bytes)
Apr 24 09:00:59 cis415-desktop kernel: [    0.000000] Dentry cache hash table entries: 131072 (order: 7, 524288 bytes)
Apr 24 09:00:59 cis415-desktop kernel: [    0.000000] Inode-cache hash table entries: 65536 (order: 6, 262144 bytes)
Apr 24 09:00:59 cis415-desktop kernel: [    0.000000] Enabling fast FPU save and restore... done.
Apr 24 09:00:59 cis415-desktop kernel: [    0.000000] Enabling unmasked SIMD FPU exception support... done.
Apr 24 09:00:59 cis415-desktop kernel: [    0.000000] Initializing CPU#0
Apr 24 09:00:59 cis415-desktop kernel: [    0.000000] allocated 3931840 bytes of page_cgroup
Apr 24 09:00:59 cis415-desktop kernel: [    0.000000] please try 'cgroup_disable=memory' option if you don't want memory cgroups
Apr 24 09:00:59 cis415-desktop kernel: [    0.000000] Initializing HighMem for node 0 (00000000:00000000)
Apr 24 09:00:59 cis415-desktop kernel: [    0.000000] Memory: 693120k/786368k available (4650k kernel code, 92552k reserved, 2089k data, 660k init, 0k highmem)
Apr 24 09:00:59 cis415-desktop kernel: [    0.000000] virtual kernel memory layout:
Apr 24 09:00:59 cis415-desktop kernel: [    0.000000]     fixmap  : 0xfff1d000 - 0xfffff000   ( 904 kB)
Apr 24 09:00:59 cis415-desktop kernel: [    0.000000]     pkmap   : 0xff800000 - 0xffc00000   (4096 kB)
Apr 24 09:00:59 cis415-desktop kernel: [    0.000000]     vmalloc : 0xf07f0000 - 0xff7fe000   ( 240 MB)
Apr 24 09:00:59 cis415-desktop kernel: [    0.000000]     lowmem  : 0xc0000000 - 0xefff0000   ( 767 MB)
Apr 24 09:00:59 cis415-desktop kernel: [    0.000000]       .init : 0xc0795000 - 0xc083a000   ( 660 kB)
Apr 24 09:00:59 cis415-desktop kernel: [    0.000000]       .data : 0xc058aaf3 - 0xc0794fc8   (2089 kB)
Apr 24 09:00:59 cis415-desktop kernel: [    0.000000]       .text : 0xc0100000 - 0xc058aaf3   (4650 kB)
Apr 24 09:00:59 cis415-desktop kernel: [    0.000000] Checking if this processor honours the WP bit even in supervisor mode...Ok.
Apr 24 09:00:59 cis415-desktop kernel: [    0.000000] SLUB: Genslabs=13, HWalign=128, Order=0-3, MinObjects=0, CPUs=1, Nodes=1
Apr 24 09:00:59 cis415-desktop kernel: [    0.000000] Hierarchical RCU implementation.
Apr 24 09:00:59 cis415-desktop kernel: [    0.000000] NR_IRQS:2304 nr_irqs:256
Apr 24 09:00:59 cis415-desktop kernel: [    0.000000] Console: colour VGA+ 80x25
Apr 24 09:00:59 cis415-desktop kernel: [    0.000000] console [tty0] enabled
Apr 24 09:00:59 cis415-desktop kernel: [    0.000000] Fast TSC calibration failed
Apr 24 09:00:59 cis415-desktop kernel: [    0.000000] TSC: Unable to calibrate against PIT
Apr 24 09:00:59 cis415-desktop kernel: [    0.000000] TSC: HPET/PMTIMER calibration failed.
Apr 24 09:00:59 cis415-desktop kernel: [    0.000000] Marking TSC unstable due to could not calculate TSC khz
Apr 24 09:00:59 cis415-desktop kernel: [    0.020000] Calibrating delay loop... 3612.67 BogoMIPS (lpj=7225344)
Apr 24 09:00:59 cis415-desktop kernel: [    0.112000] Security Framework initialized
Apr 24 09:00:59 cis415-desktop kernel: [    0.112000] AppArmor: AppArmor initialized
Apr 24 09:00:59 cis415-desktop kernel: [    0.112000] Mount-cache hash table entries: 512
Apr 24 09:00:59 cis415-desktop kernel: [    0.112000] Initializing cgroup subsys ns
Apr 24 09:00:59 cis415-desktop kernel: [    0.112000] Initializing cgroup subsys cpuacct
Apr 24 09:00:59 cis415-desktop kernel: [    0.112000] Initializing cgroup subsys memory
Apr 24 09:00:59 cis415-desktop kernel: [    0.112000] Initializing cgroup subsys devices
Apr 24 09:00:59 cis415-desktop kernel: [    0.112000] Initializing cgroup subsys freezer
Apr 24 09:00:59 cis415-desktop kernel: [    0.112000] Initializing cgroup subsys net_cls
Apr 24 09:00:59 cis415-desktop kernel: [    0.112000] CPU: Trace cache: 12K uops, L1 D cache: 32K
Apr 24 09:00:59 cis415-desktop kernel: [    0.112000] CPU: L2 cache: 6144K
Apr 24 09:00:59 cis415-desktop kernel: [    0.112000] mce: CPU supports 0 MCE banks
Apr 24 09:00:59 cis415-desktop kernel: [    0.112000] using mwait in idle threads.
Apr 24 09:00:59 cis415-desktop kernel: [    0.112000] Performance Events: no PMU driver, software events only.
Apr 24 09:00:59 cis415-desktop kernel: [    0.112000] Checking 'hlt' instruction... OK.
Apr 24 09:00:59 cis415-desktop kernel: [    0.136001] SMP alternatives: switching to UP code
Apr 24 09:00:59 cis415-desktop kernel: [    0.400001] Freeing SMP alternatives: 19k freed
Apr 24 09:00:59 cis415-desktop kernel: [    0.400001] ACPI: Core revision 20090903
Apr 24 09:00:59 cis415-desktop kernel: [    0.400001] ACPI: setting ELCR to 0200 (from 0e20)
Apr 24 09:00:59 cis415-desktop kernel: [    0.404001] ftrace: converting mcount calls to 0f 1f 44 00 00
Apr 24 09:00:59 cis415-desktop kernel: [    0.404001] ftrace: allocating 20570 entries in 41 pages
Apr 24 09:00:59 cis415-desktop kernel: [    0.412001] Enabling APIC mode:  Flat.  Using 0 I/O APICs
Apr 24 09:00:59 cis415-desktop kernel: [    0.412001] weird, boot CPU (#0) not listed by the BIOS.
Apr 24 09:00:59 cis415-desktop kernel: [    0.412001] SMP motherboard not detected.
Apr 24 09:00:59 cis415-desktop kernel: [    0.416001] ------------[ cut here ]------------
Apr 24 09:00:59 cis415-desktop kernel: [    0.416001] WARNING: at arch/x86/kernel/apic/apic.c:1259 setup_local_APIC+0x226/0x33b()
Apr 24 09:00:59 cis415-desktop kernel: [    0.416001] Hardware name: VirtualBox
Apr 24 09:00:59 cis415-desktop kernel: [    0.416001] Modules linked in:
Apr 24 09:00:59 cis415-desktop kernel: [    0.416001] Pid: 1, comm: swapper Not tainted 2.6.32.57+drm33.23-alpha #1
Apr 24 09:00:59 cis415-desktop kernel: [    0.416001] Call Trace:
Apr 24 09:00:59 cis415-desktop kernel: [    0.416001]  [<c014b152>] warn_slowpath_common+0x72/0xa0
Apr 24 09:00:59 cis415-desktop kernel: [    0.416001]  [<c0580c05>] ? setup_local_APIC+0x226/0x33b
Apr 24 09:00:59 cis415-desktop kernel: [    0.416001]  [<c0580c05>] ? setup_local_APIC+0x226/0x33b
Apr 24 09:00:59 cis415-desktop kernel: [    0.416001]  [<c014b19a>] warn_slowpath_null+0x1a/0x20
Apr 24 09:00:59 cis415-desktop kernel: [    0.416001]  [<c0580c05>] setup_local_APIC+0x226/0x33b
Apr 24 09:00:59 cis415-desktop kernel: [    0.416001]  [<c07a4bac>] APIC_init_uniprocessor+0x9e/0x106
Apr 24 09:00:59 cis415-desktop kernel: [    0.416001]  [<c07a236f>] ? disable_smp+0x66/0x87
Apr 24 09:00:59 cis415-desktop kernel: [    0.416001]  [<c07a264b>] native_smp_prepare_cpus+0x20f/0x3e0
Apr 24 09:00:59 cis415-desktop kernel: [    0.416001]  [<c0795227>] ? kernel_init+0x0/0x18d
Apr 24 09:00:59 cis415-desktop kernel: [    0.416001]  [<c079527e>] kernel_init+0x57/0x18d
Apr 24 09:00:59 cis415-desktop kernel: [    0.416001]  [<c0795227>] ? kernel_init+0x0/0x18d
Apr 24 09:00:59 cis415-desktop kernel: [    0.416001]  [<c01040a7>] kernel_thread_helper+0x7/0x10
Apr 24 09:00:59 cis415-desktop kernel: [    0.416001] ---[ end trace a7919e7f17c0a725 ]---
Apr 24 09:00:59 cis415-desktop kernel: [    0.416001] APIC calibration not consistent with PM-Timer: 252ms instead of 100ms
Apr 24 09:00:59 cis415-desktop kernel: [    0.416001] APIC delta adjusted to PM-Timer: 6249989 (15750898)
Apr 24 09:00:59 cis415-desktop kernel: [    0.416001] SMP disabled
Apr 24 09:00:59 cis415-desktop kernel: [    0.416001] Brought up 1 CPUs
Apr 24 09:00:59 cis415-desktop kernel: [    0.416001] Total of 1 processors activated (3612.67 BogoMIPS).
Apr 24 09:00:59 cis415-desktop kernel: [    0.416001] CPU0 attaching NULL sched-domain.
Apr 24 09:00:59 cis415-desktop kernel: [    0.416001] devtmpfs: initialized
Apr 24 09:00:59 cis415-desktop kernel: [    0.416001] regulator: core version 0.5
Apr 24 09:00:59 cis415-desktop kernel: [    0.416001] Time: 16:00:40  Date: 04/24/12
Apr 24 09:00:59 cis415-desktop kernel: [    0.416001] NET: Registered protocol family 16
Apr 24 09:00:59 cis415-desktop kernel: [    0.416001] EISA bus registered
Apr 24 09:00:59 cis415-desktop kernel: [    0.416001] ACPI: bus type pci registered
Apr 24 09:00:59 cis415-desktop kernel: [    0.532001] PCI: PCI BIOS revision 2.10 entry at 0xfc040, last bus=0
Apr 24 09:00:59 cis415-desktop kernel: [    0.532001] PCI: Using configuration type 1 for base access
Apr 24 09:00:59 cis415-desktop kernel: [    0.540001] bio: create slab <bio-0> at 0
Apr 24 09:00:59 cis415-desktop kernel: [    0.548001] ACPI: EC: Look up EC in DSDT
Apr 24 09:00:59 cis415-desktop kernel: [    0.552001] ACPI: Executed 1 blocks of module-level executable AML code
Apr 24 09:00:59 cis415-desktop kernel: [    0.556001] ACPI: Interpreter enabled
Apr 24 09:00:59 cis415-desktop kernel: [    0.556001] ACPI: (supports S0 S5)
Apr 24 09:00:59 cis415-desktop kernel: [    0.556001] ACPI: Using PIC for interrupt routing
Apr 24 09:00:59 cis415-desktop kernel: [    0.564002] ACPI: No dock devices found.
Apr 24 09:00:59 cis415-desktop kernel: [    0.564002] ACPI: PCI Root Bridge [PCI0] (0000:00)
Apr 24 09:00:59 cis415-desktop kernel: [    0.568002] pci 0000:00:01.1: reg 20 io port: [0xd000-0xd00f]
Apr 24 09:00:59 cis415-desktop kernel: [    0.572002] pci 0000:00:02.0: reg 10 32bit mmio pref: [0xe0000000-0xe0ffffff]
Apr 24 09:00:59 cis415-desktop kernel: [    0.580002] pci 0000:00:03.0: reg 10 32bit mmio: [0xf0000000-0xf001ffff]
Apr 24 09:00:59 cis415-desktop kernel: [    0.580002] pci 0000:00:03.0: reg 18 io port: [0xd010-0xd017]
Apr 24 09:00:59 cis415-desktop kernel: [    0.584002] pci 0000:00:04.0: reg 10 io port: [0xd020-0xd03f]
Apr 24 09:00:59 cis415-desktop kernel: [    0.584002] pci 0000:00:04.0: reg 14 32bit mmio: [0xf0400000-0xf07fffff]
Apr 24 09:00:59 cis415-desktop kernel: [    0.588002] pci 0000:00:04.0: reg 18 32bit mmio pref: [0xf0800000-0xf0803fff]
Apr 24 09:00:59 cis415-desktop kernel: [    0.592002] pci 0000:00:05.0: reg 10 io port: [0xd100-0xd1ff]
Apr 24 09:00:59 cis415-desktop kernel: [    0.592002] pci 0000:00:05.0: reg 14 io port: [0xd200-0xd23f]
Apr 24 09:00:59 cis415-desktop kernel: [    0.596002] pci 0000:00:06.0: reg 10 32bit mmio: [0xf0804000-0xf0804fff]
Apr 24 09:00:59 cis415-desktop kernel: [    0.600002] pci 0000:00:0d.0: reg 10 io port: [0xd240-0xd247]
Apr 24 09:00:59 cis415-desktop kernel: [    0.600002] pci 0000:00:0d.0: reg 18 io port: [0xd250-0xd257]
Apr 24 09:00:59 cis415-desktop kernel: [    0.604002] pci 0000:00:0d.0: reg 20 io port: [0xd260-0xd26f]
Apr 24 09:00:59 cis415-desktop kernel: [    0.604002] pci 0000:00:0d.0: reg 24 32bit mmio: [0xf0806000-0xf0807fff]
Apr 24 09:00:59 cis415-desktop kernel: [    0.608002] pci_bus 0000:00: on NUMA node 0
Apr 24 09:00:59 cis415-desktop kernel: [    0.608002] ACPI: PCI Interrupt Routing Table [\_SB_.PCI0._PRT]
Apr 24 09:00:59 cis415-desktop kernel: [    0.624002] ACPI: PCI Interrupt Link [LNKA] (IRQs *5 9 10 11)
Apr 24 09:00:59 cis415-desktop kernel: [    0.628002] ACPI: PCI Interrupt Link [LNKB] (IRQs 5 9 10 *11)
Apr 24 09:00:59 cis415-desktop kernel: [    0.628002] ACPI: PCI Interrupt Link [LNKC] (IRQs 5 9 *10 11)
Apr 24 09:00:59 cis415-desktop kernel: [    0.628002] ACPI: PCI Interrupt Link [LNKD] (IRQs 5 *9 10 11)
Apr 24 09:00:59 cis415-desktop kernel: [    0.628002] vgaarb: device added: PCI:0000:00:02.0,decodes=io+mem,owns=io+mem,locks=none
Apr 24 09:00:59 cis415-desktop kernel: [    0.628002] vgaarb: loaded
Apr 24 09:00:59 cis415-desktop kernel: [    0.628002] SCSI subsystem initialized
Apr 24 09:00:59 cis415-desktop kernel: [    0.632002] libata version 3.00 loaded.
Apr 24 09:00:59 cis415-desktop kernel: [    0.636002] usbcore: registered new interface driver usbfs
Apr 24 09:00:59 cis415-desktop kernel: [    0.636002] usbcore: registered new interface driver hub
Apr 24 09:00:59 cis415-desktop kernel: [    0.636002] usbcore: registered new device driver usb
Apr 24 09:00:59 cis415-desktop kernel: [    0.640002] ACPI: WMI: Mapper loaded
Apr 24 09:00:59 cis415-desktop kernel: [    0.640002] PCI: Using ACPI for IRQ routing
Apr 24 09:00:59 cis415-desktop kernel: [    0.644002] NetLabel: Initializing
Apr 24 09:00:59 cis415-desktop kernel: [    0.644002] NetLabel:  domain hash size = 128
Apr 24 09:00:59 cis415-desktop kernel: [    0.644002] NetLabel:  protocols = UNLABELED CIPSOv4
Apr 24 09:00:59 cis415-desktop kernel: [    0.644002] NetLabel:  unlabeled traffic allowed by default
Apr 24 09:00:59 cis415-desktop kernel: [    0.648002] AppArmor: AppArmor Filesystem Enabled
Apr 24 09:00:59 cis415-desktop kernel: [    0.648002] pnp: PnP ACPI init
Apr 24 09:00:59 cis415-desktop kernel: [    0.648002] ACPI: bus type pnp registered
Apr 24 09:00:59 cis415-desktop kernel: [    0.652002] pnp: PnP ACPI: found 5 devices
Apr 24 09:00:59 cis415-desktop kernel: [    0.652002] ACPI: ACPI bus type pnp unregistered
Apr 24 09:00:59 cis415-desktop kernel: [    0.652002] PnPBIOS: Disabled by ACPI PNP
Apr 24 09:00:59 cis415-desktop kernel: [    0.700002] Switching to clocksource acpi_pm
Apr 24 09:00:59 cis415-desktop kernel: [    0.700002] pci_bus 0000:00: resource 0 io:  [0x00-0xffff]
Apr 24 09:00:59 cis415-desktop kernel: [    0.700002] pci_bus 0000:00: resource 1 mem: [0x000000-0xffffffff]
Apr 24 09:00:59 cis415-desktop kernel: [    0.700002] NET: Registered protocol family 2
Apr 24 09:00:59 cis415-desktop kernel: [    0.700002] IP route cache hash table entries: 32768 (order: 5, 131072 bytes)
Apr 24 09:00:59 cis415-desktop kernel: [    0.700002] TCP established hash table entries: 131072 (order: 8, 1048576 bytes)
Apr 24 09:00:59 cis415-desktop kernel: [    0.700002] TCP bind hash table entries: 65536 (order: 7, 524288 bytes)
Apr 24 09:00:59 cis415-desktop kernel: [    0.700002] TCP: Hash tables configured (established 131072 bind 65536)
Apr 24 09:00:59 cis415-desktop kernel: [    0.700002] TCP reno registered
Apr 24 09:00:59 cis415-desktop kernel: [    0.700002] NET: Registered protocol family 1
Apr 24 09:00:59 cis415-desktop kernel: [    0.700002] pci 0000:00:00.0: Limiting direct PCI/PCI transfers
Apr 24 09:00:59 cis415-desktop kernel: [    0.704002] pci 0000:00:01.0: Activating ISA DMA hang workarounds
Apr 24 09:00:59 cis415-desktop kernel: [    0.704002] pci 0000:00:02.0: Boot video device
Apr 24 09:00:59 cis415-desktop kernel: [    0.704002] platform rtc_cmos: registered platform RTC device (no PNP device found)
Apr 24 09:00:59 cis415-desktop kernel: [    0.704343] cpufreq-nforce2: No nForce2 chipset.
Apr 24 09:00:59 cis415-desktop kernel: [    0.704343] Scanning for low memory corruption every 60 seconds
Apr 24 09:00:59 cis415-desktop kernel: [    0.704343] audit: initializing netlink socket (disabled)
Apr 24 09:00:59 cis415-desktop kernel: [    0.704343] type=2000 audit(1335283239.702:1): initialized
Apr 24 09:00:59 cis415-desktop kernel: [    0.713104] Trying to unpack rootfs image as initramfs...
Apr 24 09:00:59 cis415-desktop kernel: [    0.724523] HugeTLB registered 4 MB page size, pre-allocated 0 pages
Apr 24 09:00:59 cis415-desktop kernel: [    0.724523] VFS: Disk quotas dquot_6.5.2
Apr 24 09:00:59 cis415-desktop kernel: [    0.724523] Dquot-cache hash table entries: 1024 (order 0, 4096 bytes)
Apr 24 09:00:59 cis415-desktop kernel: [    0.724523] fuse init (API version 7.13)
Apr 24 09:00:59 cis415-desktop kernel: [    0.724523] msgmni has been set to 1354
Apr 24 09:00:59 cis415-desktop kernel: [    0.732411] alg: No test for stdrng (krng)
Apr 24 09:00:59 cis415-desktop kernel: [    0.732411] Block layer SCSI generic (bsg) driver version 0.4 loaded (major 253)
Apr 24 09:00:59 cis415-desktop kernel: [    0.732411] io scheduler noop registered
Apr 24 09:00:59 cis415-desktop kernel: [    0.732411] io scheduler anticipatory registered
Apr 24 09:00:59 cis415-desktop kernel: [    0.732411] io scheduler deadline registered
Apr 24 09:00:59 cis415-desktop kernel: [    0.732411] io scheduler cfq registered (default)
Apr 24 09:00:59 cis415-desktop kernel: [    0.732411] pci_hotplug: PCI Hot Plug PCI Core version: 0.5
Apr 24 09:00:59 cis415-desktop kernel: [    0.732411] pciehp: PCI Express Hot Plug Controller Driver version: 0.4
Apr 24 09:00:59 cis415-desktop kernel: [    0.732411] ACPI: AC Adapter [AC] (on-line)
Apr 24 09:00:59 cis415-desktop kernel: [    0.732411] input: Power Button as /devices/LNXSYSTM:00/LNXPWRBN:00/input/input0
Apr 24 09:00:59 cis415-desktop kernel: [    0.732411] ACPI: Power Button [PWRF]
Apr 24 09:00:59 cis415-desktop kernel: [    0.732411] input: Sleep Button as /devices/LNXSYSTM:00/LNXSLPBN:00/input/input1
Apr 24 09:00:59 cis415-desktop kernel: [    0.732411] ACPI: Sleep Button [SLPF]
Apr 24 09:00:59 cis415-desktop kernel: [    0.736411] isapnp: Scanning for PnP cards...
Apr 24 09:00:59 cis415-desktop kernel: [    0.792355] Serial: 8250/16550 driver, 4 ports, IRQ sharing enabled
Apr 24 09:00:59 cis415-desktop kernel: [    0.792355] brd: module loaded
Apr 24 09:00:59 cis415-desktop kernel: [    0.792355] loop: module loaded
Apr 24 09:00:59 cis415-desktop kernel: [    0.792355] input: Macintosh mouse button emulation as /devices/virtual/input/input2
Apr 24 09:00:59 cis415-desktop kernel: [    0.804132] ata_piix 0000:00:01.1: version 2.13
Apr 24 09:00:59 cis415-desktop kernel: [    0.804132] scsi0 : ata_piix
Apr 24 09:00:59 cis415-desktop kernel: [    0.804132] scsi1 : ata_piix
Apr 24 09:00:59 cis415-desktop kernel: [    0.804132] ata1: PATA max UDMA/33 cmd 0x1f0 ctl 0x3f6 bmdma 0xd000 irq 14
Apr 24 09:00:59 cis415-desktop kernel: [    0.804132] ata2: PATA max UDMA/33 cmd 0x170 ctl 0x376 bmdma 0xd008 irq 15
Apr 24 09:00:59 cis415-desktop kernel: [    0.804132] Fixed MDIO Bus: probed
Apr 24 09:00:59 cis415-desktop kernel: [    0.804132] PPP generic driver version 2.4.2
Apr 24 09:00:59 cis415-desktop kernel: [    0.804132] tun: Universal TUN/TAP device driver, 1.6
Apr 24 09:00:59 cis415-desktop kernel: [    0.804132] tun: (C) 1999-2004 Max Krasnyansky <maxk@qualcomm.com>
Apr 24 09:00:59 cis415-desktop kernel: [    0.804132] ehci_hcd: USB 2.0 'Enhanced' Host Controller (EHCI) Driver
Apr 24 09:00:59 cis415-desktop kernel: [    0.804132] ohci_hcd: USB 1.1 'Open' Host Controller (OHCI) Driver
Apr 24 09:00:59 cis415-desktop kernel: [    0.804132] ACPI: PCI Interrupt Link [LNKB] enabled at IRQ 11
Apr 24 09:00:59 cis415-desktop kernel: [    0.804132] PCI: setting IRQ 11 as level-triggered
Apr 24 09:00:59 cis415-desktop kernel: [    0.804132] ohci_hcd 0000:00:06.0: PCI INT A -> Link[LNKB] -> GSI 11 (level, low) -> IRQ 11
Apr 24 09:00:59 cis415-desktop kernel: [    0.804132] ohci_hcd 0000:00:06.0: OHCI Host Controller
Apr 24 09:00:59 cis415-desktop kernel: [    0.804132] ohci_hcd 0000:00:06.0: new USB bus registered, assigned bus number 1
Apr 24 09:00:59 cis415-desktop kernel: [    0.804132] ohci_hcd 0000:00:06.0: irq 11, io mem 0xf0804000
Apr 24 09:00:59 cis415-desktop kernel: [    0.901825] usb usb1: configuration #1 chosen from 1 choice
Apr 24 09:00:59 cis415-desktop kernel: [    0.901825] hub 1-0:1.0: USB hub found
Apr 24 09:00:59 cis415-desktop kernel: [    0.901825] hub 1-0:1.0: 8 ports detected
Apr 24 09:00:59 cis415-desktop kernel: [    0.901825] uhci_hcd: USB Universal Host Controller Interface driver
Apr 24 09:00:59 cis415-desktop kernel: [    0.901825] PNP: PS/2 Controller [PNP0303:PS2K,PNP0f03:PS2M] at 0x60,0x64 irq 1,12
Apr 24 09:00:59 cis415-desktop kernel: [    0.901825] serio: i8042 KBD port at 0x60,0x64 irq 1
Apr 24 09:00:59 cis415-desktop kernel: [    0.901825] serio: i8042 AUX port at 0x60,0x64 irq 12
Apr 24 09:00:59 cis415-desktop kernel: [    0.901825] mice: PS/2 mouse device common for all mice
Apr 24 09:00:59 cis415-desktop kernel: [    0.904636] rtc_cmos rtc_cmos: rtc core: registered rtc_cmos as rtc0
Apr 24 09:00:59 cis415-desktop kernel: [    0.904636] rtc0: alarms up to one day, 114 bytes nvram
Apr 24 09:00:59 cis415-desktop kernel: [    0.904636] device-mapper: uevent: version 1.0.3
Apr 24 09:00:59 cis415-desktop kernel: [    0.904636] input: AT Translated Set 2 keyboard as /devices/platform/i8042/serio0/input/input3
Apr 24 09:00:59 cis415-desktop kernel: [    0.904636] device-mapper: ioctl: 4.15.0-ioctl (2009-04-01) initialised: dm-devel@redhat.com
Apr 24 09:00:59 cis415-desktop kernel: [    0.904636] device-mapper: multipath: version 1.1.0 loaded
Apr 24 09:00:59 cis415-desktop kernel: [    0.904636] device-mapper: multipath round-robin: version 1.0.0 loaded
Apr 24 09:00:59 cis415-desktop kernel: [    0.904636] EISA: Probing bus 0 at eisa.0
Apr 24 09:00:59 cis415-desktop kernel: [    0.904636] Cannot allocate resource for EISA slot 4
Apr 24 09:00:59 cis415-desktop kernel: [    0.904636] EISA: Detected 0 cards.
Apr 24 09:00:59 cis415-desktop kernel: [    0.908517] cpuidle: using governor ladder
Apr 24 09:00:59 cis415-desktop kernel: [    0.908517] cpuidle: using governor menu
Apr 24 09:00:59 cis415-desktop kernel: [    0.908517] TCP cubic registered
Apr 24 09:00:59 cis415-desktop kernel: [    0.908517] NET: Registered protocol family 10
Apr 24 09:00:59 cis415-desktop kernel: [    0.908517] NET: Registered protocol family 17
Apr 24 09:00:59 cis415-desktop kernel: [    0.908517] Using IPI No-Shortcut mode
Apr 24 09:00:59 cis415-desktop kernel: [    0.908517] PM: Resume from disk failed.
Apr 24 09:00:59 cis415-desktop kernel: [    0.908517] registered taskstats version 1
Apr 24 09:00:59 cis415-desktop kernel: [    0.912517]   Magic number: 8:449:35
Apr 24 09:00:59 cis415-desktop kernel: [    0.912517] bdi 7:0: hash matches
Apr 24 09:00:59 cis415-desktop kernel: [    0.912517] rtc_cmos rtc_cmos: setting system clock to 2012-04-24 16:00:41 UTC (1335283241)
Apr 24 09:00:59 cis415-desktop kernel: [    0.912517] BIOS EDD facility v0.16 2004-Jun-25, 0 devices found
Apr 24 09:00:59 cis415-desktop kernel: [    0.912517] EDD information not available.
Apr 24 09:00:59 cis415-desktop kernel: [    0.980717] ata2.00: ATAPI: VBOX CD-ROM, 1.0, max UDMA/133
Apr 24 09:00:59 cis415-desktop kernel: [    0.988437] ata2.00: configured for UDMA/33
Apr 24 09:00:59 cis415-desktop kernel: [    1.361296] Freeing initrd memory: 8117k freed
Apr 24 09:00:59 cis415-desktop kernel: [    1.412609] isapnp: No Plug & Play device found
Apr 24 09:00:59 cis415-desktop kernel: [    1.412609] usb 1-1: new full speed USB device using ohci_hcd and address 2
Apr 24 09:00:59 cis415-desktop kernel: [    1.412609] scsi 1:0:0:0: CD-ROM            VBOX     CD-ROM           1.0  PQ: 0 ANSI: 5
Apr 24 09:00:59 cis415-desktop kernel: [    1.417069] sr0: scsi3-mmc drive: 32x/32x xa/form2 tray
Apr 24 09:00:59 cis415-desktop kernel: [    1.417069] Uniform CD-ROM driver Revision: 3.20
Apr 24 09:00:59 cis415-desktop kernel: [    1.417069] sr 1:0:0:0: Attached scsi CD-ROM sr0
Apr 24 09:00:59 cis415-desktop kernel: [    1.417069] sr 1:0:0:0: Attached scsi generic sg0 type 5
Apr 24 09:00:59 cis415-desktop kernel: [    1.417069] Freeing unused kernel memory: 660k freed
Apr 24 09:00:59 cis415-desktop kernel: [    1.429662] Write protecting the kernel text: 4652k
Apr 24 09:00:59 cis415-desktop kernel: [    1.436863] Write protecting the kernel read-only data: 1808k
Apr 24 09:00:59 cis415-desktop kernel: [    1.665086] udev: starting version 151
Apr 24 09:00:59 cis415-desktop kernel: [    1.696287] usb 1-1: configuration #1 chosen from 1 choice
Apr 24 09:00:59 cis415-desktop kernel: [    2.537871] usbcore: registered new interface driver hiddev
Apr 24 09:00:59 cis415-desktop kernel: [    2.560794] input: VirtualBox USB Tablet as /devices/pci0000:00/0000:00:06.0/usb1/1-1/1-1:1.0/input/input4
Apr 24 09:00:59 cis415-desktop kernel: [    2.564751] generic-usb 0003:80EE:0021.0001: input,hidraw0: USB HID v1.10 Mouse [VirtualBox USB Tablet] on usb-0000:00:06.0-1/input0
Apr 24 09:00:59 cis415-desktop kernel: [    2.564751] usbcore: registered new interface driver usbhid
Apr 24 09:00:59 cis415-desktop kernel: [    2.564751] usbhid: v2.6:USB HID core driver
Apr 24 09:00:59 cis415-desktop kernel: [    2.688114] ahci 0000:00:0d.0: version 3.0
Apr 24 09:00:59 cis415-desktop kernel: [    2.720526] ACPI: PCI Interrupt Link [LNKA] enabled at IRQ 5
Apr 24 09:00:59 cis415-desktop kernel: [    2.720526] PCI: setting IRQ 5 as level-triggered
Apr 24 09:00:59 cis415-desktop kernel: [    2.720526] ahci 0000:00:0d.0: PCI INT A -> Link[LNKA] -> GSI 5 (level, low) -> IRQ 5
Apr 24 09:00:59 cis415-desktop kernel: [    2.720526] ahci: SSS flag set, parallel bus scan disabled
Apr 24 09:00:59 cis415-desktop kernel: [    2.720526] ahci 0000:00:0d.0: AHCI 0001.0100 32 slots 1 ports 3 Gbps 0x1 impl SATA mode
Apr 24 09:00:59 cis415-desktop kernel: [    2.720526] ahci 0000:00:0d.0: flags: 64bit ncq stag only ccc 
Apr 24 09:00:59 cis415-desktop kernel: [    2.737166] Intel(R) PRO/1000 Network Driver - version 7.3.21-k5-NAPI
Apr 24 09:00:59 cis415-desktop kernel: [    2.737166] Copyright (c) 1999-2006 Intel Corporation.
Apr 24 09:00:59 cis415-desktop kernel: [    2.752611] scsi2 : ahci
Apr 24 09:00:59 cis415-desktop kernel: [    2.752611] ata3: SATA max UDMA/133 abar m8192@0xf0806000 port 0xf0806100 irq 5
Apr 24 09:00:59 cis415-desktop kernel: [    2.756513] ACPI: PCI Interrupt Link [LNKC] enabled at IRQ 10
Apr 24 09:00:59 cis415-desktop kernel: [    2.756513] PCI: setting IRQ 10 as level-triggered
Apr 24 09:00:59 cis415-desktop kernel: [    2.756513] e1000 0000:00:03.0: PCI INT A -> Link[LNKC] -> GSI 10 (level, low) -> IRQ 10
Apr 24 09:00:59 cis415-desktop kernel: [    3.324099] e1000: 0000:00:03.0: e1000_probe: (PCI:33MHz:32-bit) 08:00:27:c8:c0:db
Apr 24 09:00:59 cis415-desktop kernel: [    3.436109] ata3: SATA link up 3.0 Gbps (SStatus 123 SControl 300)
Apr 24 09:00:59 cis415-desktop kernel: [    3.436109] ata3.00: ATA-6: VBOX HARDDISK, 1.0, max UDMA/133
Apr 24 09:00:59 cis415-desktop kernel: [    3.436109] ata3.00: 41943040 sectors, multi 128: LBA48 NCQ (depth 31/32)
Apr 24 09:00:59 cis415-desktop kernel: [    3.436109] ata3.00: configured for UDMA/133
Apr 24 09:00:59 cis415-desktop kernel: [    3.436109] scsi 2:0:0:0: Direct-Access     ATA      VBOX HARDDISK    1.0  PQ: 0 ANSI: 5
Apr 24 09:00:59 cis415-desktop kernel: [    3.436109] sd 2:0:0:0: Attached scsi generic sg1 type 0
Apr 24 09:00:59 cis415-desktop kernel: [    3.436109] sd 2:0:0:0: [sda] 41943040 512-byte logical blocks: (21.4 GB/20.0 GiB)
Apr 24 09:00:59 cis415-desktop kernel: [    3.436109] sd 2:0:0:0: [sda] Write Protect is off
Apr 24 09:00:59 cis415-desktop kernel: [    3.436109] sd 2:0:0:0: [sda] Mode Sense: 00 3a 00 00
Apr 24 09:00:59 cis415-desktop kernel: [    3.436109] sd 2:0:0:0: [sda] Write cache: enabled, read cache: enabled, doesn't support DPO or FUA
Apr 24 09:00:59 cis415-desktop kernel: [    3.436109]  sda:
Apr 24 09:00:59 cis415-desktop kernel: [    3.457250] e1000: eth0: e1000_probe: Intel(R) PRO/1000 Network Connection
Apr 24 09:00:59 cis415-desktop kernel: [    3.519301]  sda1 sda2 < sda5 >
Apr 24 09:00:59 cis415-desktop kernel: [    3.520011] sd 2:0:0:0: [sda] Attached SCSI disk
Apr 24 09:00:59 cis415-desktop kernel: [    3.795806] EXT4-fs (sda1): mounted filesystem with ordered data mode
Apr 24 09:00:59 cis415-desktop kernel: [   10.308306] Adding 916472k swap on /dev/sda5.  Priority:-1 extents:1 across:916472k 
Apr 24 09:00:59 cis415-desktop kernel: [   10.477229] udev: starting version 151
Apr 24 09:00:59 cis415-desktop kernel: [   11.244396] udev: renamed network interface eth0 to eth1
Apr 24 09:00:59 cis415-desktop kernel: [   11.320770] lp: driver loaded but no devices found
Apr 24 09:00:59 cis415-desktop kernel: [   11.481108] piix4_smbus 0000:00:07.0: SMBus base address uninitialized - upgrade BIOS or use force_addr=0xaddr
Apr 24 09:00:59 cis415-desktop kernel: [   11.492357] vga16fb: initializing
Apr 24 09:00:59 cis415-desktop kernel: [   11.492357] vga16fb: mapped to 0xc00a0000
Apr 24 09:00:59 cis415-desktop kernel: [   11.492357] fb0: VGA16 VGA frame buffer device
Apr 24 09:00:59 cis415-desktop kernel: [   12.889121] psmouse serio1: ID: 10 00 64
Apr 24 09:00:59 cis415-desktop kernel: [   13.428312] input: ImExPS/2 Generic Explorer Mouse as /devices/platform/i8042/serio1/input/input5
Apr 24 09:00:59 cis415-desktop kernel: [   13.462264] parport_pc 00:04: reported by Plug and Play ACPI
Apr 24 09:00:59 cis415-desktop kernel: [   15.124134] type=1505 audit(1335283255.710:2):  operation="profile_load" pid=421 name="/sbin/dhclient3"
Apr 24 09:00:59 cis415-desktop kernel: [   15.124134] type=1505 audit(1335283255.710:3):  operation="profile_load" pid=421 name="/usr/lib/NetworkManager/nm-dhcp-client.action"
Apr 24 09:00:59 cis415-desktop kernel: [   15.124134] type=1505 audit(1335283255.710:4):  operation="profile_load" pid=421 name="/usr/lib/connman/scripts/dhclient-script"
Apr 24 09:00:59 cis415-desktop kernel: [   15.324124] ppdev: user-space parallel port driver
Apr 24 09:00:59 cis415-desktop kernel: [   15.453360] type=1505 audit(1335283256.039:5):  operation="profile_replace" pid=449 name="/sbin/dhclient3"
Apr 24 09:00:59 cis415-desktop kernel: [   15.453360] type=1505 audit(1335283256.039:6):  operation="profile_replace" pid=449 name="/usr/lib/NetworkManager/nm-dhcp-client.action"
Apr 24 09:00:59 cis415-desktop kernel: [   15.453360] type=1505 audit(1335283256.039:7):  operation="profile_replace" pid=449 name="/usr/lib/connman/scripts/dhclient-script"
Apr 24 09:00:59 cis415-desktop kernel: [   16.548195] Intel ICH 0000:00:05.0: PCI INT A -> Link[LNKA] -> GSI 5 (level, low) -> IRQ 5
Apr 24 09:00:59 cis415-desktop kernel: [   17.330884] intel8x0_measure_ac97_clock: measured 448418 usecs (4458 samples)
Apr 24 09:00:59 cis415-desktop kernel: [   17.330884] intel8x0: measured clock 9941 rejected
Apr 24 09:00:59 cis415-desktop kernel: [   17.436519] Console: switching to colour frame buffer device 80x30
Apr 24 09:00:59 cis415-desktop kernel: [   18.327758] intel8x0: measure - unreliable DMA position..
Apr 24 09:00:59 cis415-desktop kernel: [   19.136270] intel8x0: measure - unreliable DMA position..
Apr 24 09:00:59 cis415-desktop kernel: [   19.146638] intel8x0: clocking to 48000
Apr 24 09:01:00 cis415-desktop avahi-daemon[581]: Found user 'avahi' (UID 104) and group 'avahi' (GID 111).
Apr 24 09:01:00 cis415-desktop avahi-daemon[581]: Successfully dropped root privileges.
Apr 24 09:01:00 cis415-desktop avahi-daemon[581]: avahi-daemon 0.6.25 starting up.
Apr 24 09:01:00 cis415-desktop avahi-daemon[581]: Successfully called chroot().
Apr 24 09:01:00 cis415-desktop avahi-daemon[581]: Successfully dropped remaining capabilities.
Apr 24 09:01:00 cis415-desktop avahi-daemon[581]: No service file found in /etc/avahi/services.
Apr 24 09:01:00 cis415-desktop avahi-daemon[581]: Network interface enumeration completed.
Apr 24 09:01:00 cis415-desktop avahi-daemon[581]: Registering HINFO record with values 'I686'/'LINUX'.
Apr 24 09:01:00 cis415-desktop avahi-daemon[581]: Server startup complete. Host name is cis415-desktop.local. Local service cookie is 2827201055.
Apr 24 09:01:00 cis415-desktop NetworkManager: <info>  starting...
Apr 24 09:01:00 cis415-desktop NetworkManager: <info>  Trying to start the modem-manager...
Apr 24 09:01:00 cis415-desktop NetworkManager:    SCPlugin-Ifupdown: init!
Apr 24 09:01:00 cis415-desktop NetworkManager:    SCPlugin-Ifupdown: update_system_hostname
Apr 24 09:01:00 cis415-desktop NetworkManager:    SCPluginIfupdown: management mode: unmanaged
Apr 24 09:01:00 cis415-desktop NetworkManager:    SCPlugin-Ifupdown: devices added (path: /sys/devices/pci0000:00/0000:00:03.0/net/eth1, iface: eth1)
Apr 24 09:01:00 cis415-desktop NetworkManager:    SCPlugin-Ifupdown: device added (path: /sys/devices/pci0000:00/0000:00:03.0/net/eth1, iface: eth1): no ifupdown configuration found.
Apr 24 09:01:00 cis415-desktop NetworkManager:    SCPlugin-Ifupdown: devices added (path: /sys/devices/virtual/net/lo, iface: lo)
Apr 24 09:01:00 cis415-desktop NetworkManager:    SCPlugin-Ifupdown: device added (path: /sys/devices/virtual/net/lo, iface: lo): no ifupdown configuration found.
Apr 24 09:01:00 cis415-desktop NetworkManager:    SCPlugin-Ifupdown: end _init.
Apr 24 09:01:00 cis415-desktop NetworkManager: Loaded plugin ifupdown: (C) 2008 Canonical Ltd.  To report bugs please use the NetworkManager mailing list.
Apr 24 09:01:00 cis415-desktop NetworkManager: Loaded plugin keyfile: (c) 2007 - 2008 Red Hat, Inc.  To report bugs please use the NetworkManager mailing list.
Apr 24 09:01:00 cis415-desktop NetworkManager: <info>  WiFi enabled by radio killswitch; enabled by state file
Apr 24 09:01:00 cis415-desktop NetworkManager: <info>  WWAN enabled by radio killswitch; enabled by state file
Apr 24 09:01:00 cis415-desktop NetworkManager:    SCPlugin-Ifupdown: (161980144) ... get_connections.
Apr 24 09:01:00 cis415-desktop NetworkManager:    SCPlugin-Ifupdown: (161980144) ... get_connections (managed=false): return empty list.
Apr 24 09:01:00 cis415-desktop NetworkManager:    Ifupdown: get unmanaged devices count: 0
Apr 24 09:01:00 cis415-desktop NetworkManager: <info>  (eth1): carrier is OFF
Apr 24 09:01:00 cis415-desktop NetworkManager: <info>  (eth1): new Ethernet device (driver: 'e1000')
Apr 24 09:01:00 cis415-desktop NetworkManager: <info>  (eth1): exported as /org/freedesktop/NetworkManager/Devices/0
Apr 24 09:01:00 cis415-desktop NetworkManager: <info>  (eth1): now managed
Apr 24 09:01:00 cis415-desktop NetworkManager: <info>  (eth1): device state change: 1 -> 2 (reason 2)
Apr 24 09:01:00 cis415-desktop NetworkManager: <info>  (eth1): bringing up device.
Apr 24 09:01:00 cis415-desktop kernel: [   19.952330] ADDRCONF(NETDEV_UP): eth1: link is not ready
Apr 24 09:01:00 cis415-desktop kernel: [   19.958302] e1000: eth1 NIC Link is Up 1000 Mbps Full Duplex, Flow Control: RX
Apr 24 09:01:00 cis415-desktop kernel: [   19.962302] ADDRCONF(NETDEV_CHANGE): eth1: link becomes ready
Apr 24 09:01:00 cis415-desktop NetworkManager: <info>  (eth1): preparing device.
Apr 24 09:01:00 cis415-desktop NetworkManager: <info>  (eth1): deactivating device (reason: 2).
Apr 24 09:01:00 cis415-desktop NetworkManager: Added default wired connection 'Auto eth1' for /sys/devices/pci0000:00/0000:00:03.0/net/eth1
Apr 24 09:01:00 cis415-desktop modem-manager: Loaded plugin Gobi
Apr 24 09:01:00 cis415-desktop modem-manager: Loaded plugin ZTE
Apr 24 09:01:00 cis415-desktop modem-manager: Loaded plugin Generic
Apr 24 09:01:00 cis415-desktop modem-manager: Loaded plugin MotoC
Apr 24 09:01:00 cis415-desktop modem-manager: Loaded plugin Huawei
Apr 24 09:01:00 cis415-desktop modem-manager: Loaded plugin Novatel
Apr 24 09:01:00 cis415-desktop modem-manager: Loaded plugin Sierra
Apr 24 09:01:00 cis415-desktop modem-manager: Loaded plugin Option High-Speed
Apr 24 09:01:00 cis415-desktop modem-manager: Loaded plugin AnyData
Apr 24 09:01:00 cis415-desktop NetworkManager: <info>  (eth1): carrier now ON (device state 2)
Apr 24 09:01:00 cis415-desktop NetworkManager: <info>  (eth1): device state change: 2 -> 3 (reason 40)
Apr 24 09:01:00 cis415-desktop modem-manager: Loaded plugin Ericsson MBM
Apr 24 09:01:00 cis415-desktop modem-manager: Loaded plugin Longcheer
Apr 24 09:01:00 cis415-desktop modem-manager: Loaded plugin Nokia
Apr 24 09:01:00 cis415-desktop modem-manager: Loaded plugin Option
Apr 24 09:01:00 cis415-desktop NetworkManager: <WARN>  default_adapter_cb(): bluez error getting default adapter: The name org.bluez was not provided by any .service files
Apr 24 09:01:00 cis415-desktop NetworkManager: <info>  modem-manager is now available
Apr 24 09:01:00 cis415-desktop NetworkManager: <info>  Trying to start the supplicant...
Apr 24 09:01:00 cis415-desktop NetworkManager: <info>  Activation (eth1) starting connection 'Auto eth1'
Apr 24 09:01:00 cis415-desktop NetworkManager: <info>  (eth1): device state change: 3 -> 4 (reason 0)
Apr 24 09:01:00 cis415-desktop NetworkManager: <info>  Activation (eth1) Stage 1 of 5 (Device Prepare) scheduled...
Apr 24 09:01:00 cis415-desktop NetworkManager: <info>  Activation (eth1) Stage 1 of 5 (Device Prepare) started...
Apr 24 09:01:00 cis415-desktop NetworkManager: <info>  Activation (eth1) Stage 2 of 5 (Device Configure) scheduled...
Apr 24 09:01:00 cis415-desktop NetworkManager: <info>  Activation (eth1) Stage 1 of 5 (Device Prepare) complete.
Apr 24 09:01:00 cis415-desktop NetworkManager: <info>  Activation (eth1) Stage 2 of 5 (Device Configure) starting...
Apr 24 09:01:00 cis415-desktop NetworkManager: <info>  (eth1): device state change: 4 -> 5 (reason 0)
Apr 24 09:01:00 cis415-desktop NetworkManager: <info>  Activation (eth1) Stage 2 of 5 (Device Configure) successful.
Apr 24 09:01:00 cis415-desktop NetworkManager: <info>  Activation (eth1) Stage 3 of 5 (IP Configure Start) scheduled.
Apr 24 09:01:00 cis415-desktop NetworkManager: <info>  Activation (eth1) Stage 2 of 5 (Device Configure) complete.
Apr 24 09:01:00 cis415-desktop NetworkManager: <info>  Activation (eth1) Stage 3 of 5 (IP Configure Start) started...
Apr 24 09:01:00 cis415-desktop NetworkManager: <info>  (eth1): device state change: 5 -> 7 (reason 0)
Apr 24 09:01:00 cis415-desktop NetworkManager: <info>  Activation (eth1) Beginning DHCP transaction (timeout in 45 seconds)
Apr 24 09:01:00 cis415-desktop NetworkManager: <info>  dhclient started with pid 599
Apr 24 09:01:00 cis415-desktop NetworkManager: <info>  Activation (eth1) Stage 4 of 5 (IP6 Configure Get) scheduled...
Apr 24 09:01:00 cis415-desktop NetworkManager: <info>  Activation (eth1) Stage 3 of 5 (IP Configure Start) complete.
Apr 24 09:01:00 cis415-desktop NetworkManager: <info>  Activation (eth1) Stage 4 of 5 (IP6 Configure Get) started...
Apr 24 09:01:00 cis415-desktop NetworkManager: <info>  Activation (eth1) Stage 4 of 5 (IP6 Configure Get) complete.
Apr 24 09:01:00 cis415-desktop dhclient: Internet Systems Consortium DHCP Client V3.1.3
Apr 24 09:01:00 cis415-desktop dhclient: Copyright 2004-2009 Internet Systems Consortium.
Apr 24 09:01:00 cis415-desktop dhclient: All rights reserved.
Apr 24 09:01:00 cis415-desktop dhclient: For info, please visit https://www.isc.org/software/dhcp/
Apr 24 09:01:00 cis415-desktop dhclient: 
Apr 24 09:01:00 cis415-desktop kernel: [   20.176111] type=1505 audit(1335283260.762:8):  operation="profile_load" pid=602 name="/usr/share/gdm/guest-session/Xsession"
Apr 24 09:01:00 cis415-desktop kernel: [   20.304775] type=1505 audit(1335283260.890:9):  operation="profile_replace" pid=604 name="/sbin/dhclient3"
Apr 24 09:01:00 cis415-desktop kernel: [   20.304775] type=1505 audit(1335283260.890:10):  operation="profile_replace" pid=604 name="/usr/lib/NetworkManager/nm-dhcp-client.action"
Apr 24 09:01:00 cis415-desktop kernel: [   20.304775] type=1505 audit(1335283260.890:11):  operation="profile_replace" pid=604 name="/usr/lib/connman/scripts/dhclient-script"
Apr 24 09:01:00 cis415-desktop dhclient: Listening on LPF/eth1/08:00:27:c8:c0:db
Apr 24 09:01:00 cis415-desktop dhclient: Sending on   LPF/eth1/08:00:27:c8:c0:db
Apr 24 09:01:00 cis415-desktop dhclient: Sending on   Socket/fallback
Apr 24 09:01:00 cis415-desktop NetworkManager: <info>  DHCP: device eth1 state changed (null) -> preinit
Apr 24 09:01:00 cis415-desktop kernel: [   20.398475] type=1505 audit(1335283260.984:12):  operation="profile_load" pid=607 name="/usr/bin/evince"
Apr 24 09:01:01 cis415-desktop kernel: [   20.416131] type=1505 audit(1335283261.002:13):  operation="profile_load" pid=607 name="/usr/bin/evince-previewer"
Apr 24 09:01:01 cis415-desktop kernel: [   20.428280] type=1505 audit(1335283261.014:14):  operation="profile_load" pid=607 name="/usr/bin/evince-thumbnailer"
Apr 24 09:01:01 cis415-desktop kernel: [   20.565180] type=1505 audit(1335283261.151:15):  operation="profile_load" pid=612 name="/usr/lib/cups/backend/cups-pdf"
Apr 24 09:01:01 cis415-desktop kernel: [   20.565180] type=1505 audit(1335283261.151:16):  operation="profile_load" pid=612 name="/usr/sbin/cupsd"
Apr 24 09:01:01 cis415-desktop kernel: [   20.633461] type=1505 audit(1335283261.219:17):  operation="profile_load" pid=615 name="/usr/sbin/tcpdump"
Apr 24 09:01:02 cis415-desktop gdm-binary[619]: WARNING: Unable to load file '/etc/gdm/custom.conf': No such file or directory
Apr 24 09:01:02 cis415-desktop gdm-binary[619]: WARNING: Unable to find users: no seat-id found
Apr 24 09:01:02 cis415-desktop avahi-daemon[581]: Registering new address record for fe80::a00:27ff:fec8:c0db on eth1.*.
Apr 24 09:01:02 cis415-desktop gdm-simple-slave[711]: WARNING: Unable to load file '/etc/gdm/custom.conf': No such file or directory
Apr 24 09:01:02 cis415-desktop init: apport pre-start process (729) terminated with status 1
Apr 24 09:01:03 cis415-desktop dhclient: DHCPDISCOVER on eth1 to 255.255.255.255 port 67 interval 5
Apr 24 09:01:03 cis415-desktop dhclient: DHCPOFFER of 10.0.2.15 from 10.0.2.2
Apr 24 09:01:03 cis415-desktop dhclient: DHCPREQUEST of 10.0.2.15 on eth1 to 255.255.255.255 port 67
Apr 24 09:01:03 cis415-desktop dhclient: DHCPACK of 10.0.2.15 from 10.0.2.2
Apr 24 09:01:03 cis415-desktop cron[734]: (CRON) INFO (pidfile fd = 3)
Apr 24 09:01:03 cis415-desktop acpid: starting up with proc fs
Apr 24 09:01:03 cis415-desktop anacron[748]: Anacron 2.3 started on 2012-04-24
Apr 24 09:01:03 cis415-desktop cron[752]: (CRON) STARTUP (fork ok)
Apr 24 09:01:03 cis415-desktop anacron[748]: Normal exit (0 jobs run)
Apr 24 09:01:03 cis415-desktop NetworkManager: <info>  DHCP: device eth1 state changed preinit -> bound
Apr 24 09:01:03 cis415-desktop NetworkManager: <info>  Activation (eth1) Stage 4 of 5 (IP4 Configure Get) scheduled...
Apr 24 09:01:03 cis415-desktop NetworkManager: <info>  Activation (eth1) Stage 4 of 5 (IP4 Configure Get) started...
Apr 24 09:01:03 cis415-desktop NetworkManager: <info>    address 10.0.2.15
Apr 24 09:01:03 cis415-desktop NetworkManager: <info>    prefix 24 (255.255.255.0)
Apr 24 09:01:03 cis415-desktop NetworkManager: <info>    gateway 10.0.2.2
Apr 24 09:01:03 cis415-desktop NetworkManager: <info>    nameserver '8.8.8.8'
Apr 24 09:01:03 cis415-desktop NetworkManager: <info>  Activation (eth1) Stage 5 of 5 (IP Configure Commit) scheduled...
Apr 24 09:01:03 cis415-desktop NetworkManager: <info>  Activation (eth1) Stage 4 of 5 (IP4 Configure Get) complete.
Apr 24 09:01:03 cis415-desktop NetworkManager: <info>  Activation (eth1) Stage 5 of 5 (IP Configure Commit) started...
Apr 24 09:01:03 cis415-desktop avahi-daemon[581]: Joining mDNS multicast group on interface eth1.IPv4 with address 10.0.2.15.
Apr 24 09:01:03 cis415-desktop dhclient: bound to 10.0.2.15 -- renewal in 38960 seconds.
Apr 24 09:01:03 cis415-desktop avahi-daemon[581]: New relevant interface eth1.IPv4 for mDNS.
Apr 24 09:01:03 cis415-desktop avahi-daemon[581]: Registering new address record for 10.0.2.15 on eth1.IPv4.
Apr 24 09:01:03 cis415-desktop acpid: 36 rules loaded
Apr 24 09:01:03 cis415-desktop acpid: waiting for events: event logging is off
Apr 24 09:01:03 cis415-desktop init: apport post-stop process (743) terminated with status 1
Apr 24 09:01:03 cis415-desktop cron[752]: (CRON) INFO (Running @reboot jobs)
Apr 24 09:01:04 cis415-desktop NetworkManager: <info>  (eth1): device state change: 7 -> 8 (reason 0)
Apr 24 09:01:04 cis415-desktop NetworkManager: <info>  Policy set 'Auto eth1' (eth1) as default for routing and DNS.
Apr 24 09:01:04 cis415-desktop NetworkManager: <info>  Activation (eth1) successful, device activated.
Apr 24 09:01:04 cis415-desktop NetworkManager: <info>  Activation (eth1) Stage 5 of 5 (IP Configure Commit) complete.
Apr 24 09:01:16 cis415-desktop ntpdate[881]: step time server 91.189.94.4 offset 9.807456 sec
Apr 24 09:01:18 cis415-desktop anacron[963]: Anacron 2.3 started on 2012-04-24
Apr 24 09:01:18 cis415-desktop anacron[963]: Normal exit (0 jobs run)
Apr 24 09:01:19 cis415-desktop kernel: [   29.166167] hrtimer: interrupt took 28072284 ns
Apr 24 09:01:20 cis415-desktop acpid: client connected from 990[0:0]
Apr 24 09:01:20 cis415-desktop acpid: 1 client rule loaded
Apr 24 09:01:21 cis415-desktop kernel: [   30.870503] eth1: no IPv6 routers present
Apr 24 09:01:22 cis415-desktop gdm-session-worker[1026]: WARNING: Unable to load file '/etc/gdm/custom.conf': No such file or directory
Apr 24 09:01:23 cis415-desktop rtkit-daemon[1034]: Sucessfully called chroot.
Apr 24 09:01:23 cis415-desktop rtkit-daemon[1034]: Sucessfully dropped privileges.
Apr 24 09:01:23 cis415-desktop rtkit-daemon[1034]: Sucessfully limited resources.
Apr 24 09:01:23 cis415-desktop rtkit-daemon[1034]: Running.
Apr 24 09:01:23 cis415-desktop rtkit-daemon[1034]: Canary thread running.
Apr 24 09:01:23 cis415-desktop rtkit-daemon[1034]: Watchdog thread running.
Apr 24 09:01:24 cis415-desktop polkitd[1040]: started daemon version 0.96 using authority implementation `local' version `0.96'
Apr 24 09:01:24 cis415-desktop rtkit-daemon[1034]: Sucessfully made thread 1032 of process 1032 (n/a) owned by '114' high priority at nice level -11.
Apr 24 09:01:24 cis415-desktop rtkit-daemon[1034]: Supervising 1 threads of 1 processes of 1 users.
Apr 24 09:01:24 cis415-desktop pulseaudio[1032]: alsa-util.c: Disabling timer-based scheduling because running inside a VM.
Apr 24 09:01:24 cis415-desktop rtkit-daemon[1034]: Sucessfully made thread 1058 of process 1032 (n/a) owned by '114' RT at priority 5.
Apr 24 09:01:24 cis415-desktop rtkit-daemon[1034]: Supervising 2 threads of 1 processes of 1 users.
Apr 24 09:01:24 cis415-desktop pulseaudio[1032]: alsa-util.c: Disabling timer-based scheduling because running inside a VM.
Apr 24 09:01:24 cis415-desktop rtkit-daemon[1034]: Sucessfully made thread 1062 of process 1032 (n/a) owned by '114' RT at priority 5.
Apr 24 09:01:24 cis415-desktop rtkit-daemon[1034]: Supervising 3 threads of 1 processes of 1 users.
Apr 24 09:01:24 cis415-desktop anacron[1067]: Anacron 2.3 started on 2012-04-24
Apr 24 09:01:24 cis415-desktop anacron[1067]: Normal exit (0 jobs run)
Apr 24 09:01:25 cis415-desktop gdm-simple-greeter[1023]: Gtk-WARNING: /build/buildd/gtk+2.0-2.20.1/gtk/gtkwidget.c:5636: widget not within a GtkWindow
Apr 24 09:01:26 cis415-desktop acpid: client connected from 1118[108:114]
Apr 24 09:01:26 cis415-desktop acpid: 1 client rule loaded
Apr 24 09:01:32 cis415-desktop kernel: Kernel logging (proc) stopped.
Apr 24 09:01:32 cis415-desktop rsyslogd: [origin software="rsyslogd" swVersion="4.2.0" x-pid="549" x-info="http://www.rsyslog.com"] exiting on signal 15.
Apr 24 09:05:03 cis415-desktop kernel: imklog 4.2.0, log source = /proc/kmsg started.
Apr 24 09:05:03 cis415-desktop rsyslogd: [origin software="rsyslogd" swVersion="4.2.0" x-pid="538" x-info="http://www.rsyslog.com"] (re)start
Apr 24 09:05:03 cis415-desktop rsyslogd: rsyslogd's groupid changed to 103
Apr 24 09:05:03 cis415-desktop rsyslogd: rsyslogd's userid changed to 101
Apr 24 09:05:03 cis415-desktop rsyslogd-2039: Could no open output file '/dev/xconsole' [try http://www.rsyslog.com/e/2039 ]
Apr 24 09:05:03 cis415-desktop kernel: [    0.000000] Initializing cgroup subsys cpuset
Apr 24 09:05:03 cis415-desktop kernel: [    0.000000] Initializing cgroup subsys cpu
Apr 24 09:05:03 cis415-desktop kernel: [    0.000000] Linux version 2.6.32.57+drm33.23-alpha (root@cis415-desktop) (gcc version 4.4.3 (Ubuntu 4.4.3-4ubuntu5.1) ) #1 SMP Sat Apr 21 22:21:34 PDT 2012 (Ubuntu 2.6.32-40.87-generic 2.6.32.57+drm33.23)
Apr 24 09:05:03 cis415-desktop kernel: [    0.000000] KERNEL supported cpus:
Apr 24 09:05:03 cis415-desktop kernel: [    0.000000]   Intel GenuineIntel
Apr 24 09:05:03 cis415-desktop kernel: [    0.000000]   AMD AuthenticAMD
Apr 24 09:05:03 cis415-desktop kernel: [    0.000000]   NSC Geode by NSC
Apr 24 09:05:03 cis415-desktop kernel: [    0.000000]   Cyrix CyrixInstead
Apr 24 09:05:03 cis415-desktop kernel: [    0.000000]   Centaur CentaurHauls
Apr 24 09:05:03 cis415-desktop kernel: [    0.000000]   Transmeta GenuineTMx86
Apr 24 09:05:03 cis415-desktop kernel: [    0.000000]   Transmeta TransmetaCPU
Apr 24 09:05:03 cis415-desktop kernel: [    0.000000]   UMC UMC UMC UMC
Apr 24 09:05:03 cis415-desktop kernel: [    0.000000] BIOS-provided physical RAM map:
Apr 24 09:05:03 cis415-desktop kernel: [    0.000000]  BIOS-e820: 0000000000000000 - 000000000009fc00 (usable)
Apr 24 09:05:03 cis415-desktop kernel: [    0.000000]  BIOS-e820: 000000000009fc00 - 00000000000a0000 (reserved)
Apr 24 09:05:03 cis415-desktop kernel: [    0.000000]  BIOS-e820: 00000000000f0000 - 0000000000100000 (reserved)
Apr 24 09:05:03 cis415-desktop kernel: [    0.000000]  BIOS-e820: 0000000000100000 - 000000002fff0000 (usable)
Apr 24 09:05:03 cis415-desktop kernel: [    0.000000]  BIOS-e820: 000000002fff0000 - 0000000030000000 (ACPI data)
Apr 24 09:05:03 cis415-desktop kernel: [    0.000000]  BIOS-e820: 00000000fffc0000 - 0000000100000000 (reserved)
Apr 24 09:05:03 cis415-desktop kernel: [    0.000000] DMI 2.5 present.
Apr 24 09:05:03 cis415-desktop kernel: [    0.000000] last_pfn = 0x2fff0 max_arch_pfn = 0x100000
Apr 24 09:05:03 cis415-desktop kernel: [    0.000000] MTRR default type: uncachable
Apr 24 09:05:03 cis415-desktop kernel: [    0.000000] MTRR variable ranges disabled:
Apr 24 09:05:03 cis415-desktop kernel: [    0.000000] x86 PAT enabled: cpu 0, old 0x7040600070406, new 0x7010600070106
Apr 24 09:05:03 cis415-desktop kernel: [    0.000000] CPU MTRRs all blank - virtualized system.
Apr 24 09:05:03 cis415-desktop kernel: [    0.000000] e820 update range: 0000000000002000 - 0000000000006000 (usable) ==> (reserved)
Apr 24 09:05:03 cis415-desktop kernel: [    0.000000] Scanning 1 areas for low memory corruption
Apr 24 09:05:03 cis415-desktop kernel: [    0.000000] modified physical RAM map:
Apr 24 09:05:03 cis415-desktop kernel: [    0.000000]  modified: 0000000000000000 - 0000000000002000 (usable)
Apr 24 09:05:03 cis415-desktop kernel: [    0.000000]  modified: 0000000000002000 - 0000000000006000 (reserved)
Apr 24 09:05:03 cis415-desktop kernel: [    0.000000]  modified: 0000000000006000 - 000000000009fc00 (usable)
Apr 24 09:05:03 cis415-desktop kernel: [    0.000000]  modified: 000000000009fc00 - 00000000000a0000 (reserved)
Apr 24 09:05:03 cis415-desktop kernel: [    0.000000]  modified: 00000000000f0000 - 0000000000100000 (reserved)
Apr 24 09:05:03 cis415-desktop kernel: [    0.000000]  modified: 0000000000100000 - 000000002fff0000 (usable)
Apr 24 09:05:03 cis415-desktop kernel: [    0.000000]  modified: 000000002fff0000 - 0000000030000000 (ACPI data)
Apr 24 09:05:03 cis415-desktop kernel: [    0.000000]  modified: 00000000fffc0000 - 0000000100000000 (reserved)
Apr 24 09:05:03 cis415-desktop kernel: [    0.000000] initial memory mapped : 0 - 00c00000
Apr 24 09:05:03 cis415-desktop kernel: [    0.000000] init_memory_mapping: 0000000000000000-000000002fff0000
Apr 24 09:05:03 cis415-desktop kernel: [    0.000000] Using x86 segment limits to approximate NX protection
Apr 24 09:05:03 cis415-desktop kernel: [    0.000000]  0000000000 - 0000400000 page 4k
Apr 24 09:05:03 cis415-desktop kernel: [    0.000000]  0000400000 - 002fc00000 page 2M
Apr 24 09:05:03 cis415-desktop kernel: [    0.000000]  002fc00000 - 002fff0000 page 4k
Apr 24 09:05:03 cis415-desktop kernel: [    0.000000] kernel direct mapping tables up to 2fff0000 @ 7000-c000
Apr 24 09:05:03 cis415-desktop kernel: [    0.000000] RAMDISK: 23846000 - 24033738
Apr 24 09:05:03 cis415-desktop kernel: [    0.000000] ACPI: RSDP 000e0000 00024 (v02 VBOX  )
Apr 24 09:05:03 cis415-desktop kernel: [    0.000000] ACPI: XSDT 2fff0030 00034 (v01 VBOX   VBOXXSDT 00000001 ASL  00000061)
Apr 24 09:05:03 cis415-desktop kernel: [    0.000000] ACPI: FACP 2fff00f0 000F4 (v04 VBOX   VBOXFACP 00000001 ASL  00000061)
Apr 24 09:05:03 cis415-desktop kernel: [    0.000000] ACPI: DSDT 2fff0410 01B96 (v01 VBOX   VBOXBIOS 00000002 INTL 20100528)
Apr 24 09:05:03 cis415-desktop kernel: [    0.000000] ACPI: FACS 2fff0200 00040
Apr 24 09:05:03 cis415-desktop kernel: [    0.000000] ACPI: SSDT 2fff0240 001CC (v01 VBOX   VBOXCPUT 00000002 INTL 20100528)
Apr 24 09:05:03 cis415-desktop kernel: [    0.000000] 0MB HIGHMEM available.
Apr 24 09:05:03 cis415-desktop kernel: [    0.000000] 767MB LOWMEM available.
Apr 24 09:05:03 cis415-desktop kernel: [    0.000000]   mapped low ram: 0 - 2fff0000
Apr 24 09:05:03 cis415-desktop kernel: [    0.000000]   low ram: 0 - 2fff0000
Apr 24 09:05:03 cis415-desktop kernel: [    0.000000]   node 0 low ram: 00000000 - 2fff0000
Apr 24 09:05:03 cis415-desktop kernel: [    0.000000]   node 0 bootmap 00008000 - 0000e000
Apr 24 09:05:03 cis415-desktop kernel: [    0.000000] (9 early reservations) ==> bootmem [0000000000 - 002fff0000]
Apr 24 09:05:03 cis415-desktop kernel: [    0.000000]   #0 [0000000000 - 0000001000]   BIOS data page ==> [0000000000 - 0000001000]
Apr 24 09:05:03 cis415-desktop kernel: [    0.000000]   #1 [0000001000 - 0000002000]    EX TRAMPOLINE ==> [0000001000 - 0000002000]
Apr 24 09:05:03 cis415-desktop kernel: [    0.000000]   #2 [0000006000 - 0000007000]       TRAMPOLINE ==> [0000006000 - 0000007000]
Apr 24 09:05:03 cis415-desktop kernel: [    0.000000]   #3 [0000100000 - 00008cef18]    TEXT DATA BSS ==> [0000100000 - 00008cef18]
Apr 24 09:05:03 cis415-desktop kernel: [    0.000000]   #4 [0023846000 - 0024033738]          RAMDISK ==> [0023846000 - 0024033738]
Apr 24 09:05:03 cis415-desktop kernel: [    0.000000]   #5 [000009fc00 - 0000100000]    BIOS reserved ==> [000009fc00 - 0000100000]
Apr 24 09:05:03 cis415-desktop kernel: [    0.000000]   #6 [00008cf000 - 00008d2071]              BRK ==> [00008cf000 - 00008d2071]
Apr 24 09:05:03 cis415-desktop kernel: [    0.000000]   #7 [0000007000 - 0000008000]          PGTABLE ==> [0000007000 - 0000008000]
Apr 24 09:05:03 cis415-desktop kernel: [    0.000000]   #8 [0000008000 - 000000e000]          BOOTMAP ==> [0000008000 - 000000e000]
Apr 24 09:05:03 cis415-desktop kernel: [    0.000000] Reserving 64MB of memory at 16MB for crashkernel (System RAM: 767MB)
Apr 24 09:05:03 cis415-desktop kernel: [    0.000000] Zone PFN ranges:
Apr 24 09:05:03 cis415-desktop kernel: [    0.000000]   DMA      0x00000000 -> 0x00001000
Apr 24 09:05:03 cis415-desktop kernel: [    0.000000]   Normal   0x00001000 -> 0x0002fff0
Apr 24 09:05:03 cis415-desktop kernel: [    0.000000]   HighMem  0x0002fff0 -> 0x0002fff0
Apr 24 09:05:03 cis415-desktop kernel: [    0.000000] Movable zone start PFN for each node
Apr 24 09:05:03 cis415-desktop kernel: [    0.000000] early_node_map[3] active PFN ranges
Apr 24 09:05:03 cis415-desktop kernel: [    0.000000]     0: 0x00000000 -> 0x00000002
Apr 24 09:05:03 cis415-desktop kernel: [    0.000000]     0: 0x00000006 -> 0x0000009f
Apr 24 09:05:03 cis415-desktop kernel: [    0.000000]     0: 0x00000100 -> 0x0002fff0
Apr 24 09:05:03 cis415-desktop kernel: [    0.000000] On node 0 totalpages: 196491
Apr 24 09:05:03 cis415-desktop kernel: [    0.000000] free_area_init_node: node 0, pgdat c078aa00, node_mem_map c5001000
Apr 24 09:05:03 cis415-desktop kernel: [    0.000000]   DMA zone: 32 pages used for memmap
Apr 24 09:05:03 cis415-desktop kernel: [    0.000000]   DMA zone: 0 pages reserved
Apr 24 09:05:03 cis415-desktop kernel: [    0.000000]   DMA zone: 3963 pages, LIFO batch:0
Apr 24 09:05:03 cis415-desktop kernel: [    0.000000]   Normal zone: 1504 pages used for memmap
Apr 24 09:05:03 cis415-desktop kernel: [    0.000000]   Normal zone: 190992 pages, LIFO batch:31
Apr 24 09:05:03 cis415-desktop kernel: [    0.000000] Using APIC driver default
Apr 24 09:05:03 cis415-desktop kernel: [    0.000000] ACPI: PM-Timer IO Port: 0x4008
Apr 24 09:05:03 cis415-desktop kernel: [    0.000000] SMP: Allowing 1 CPUs, 0 hotplug CPUs
Apr 24 09:05:03 cis415-desktop kernel: [    0.000000] Found and enabled local APIC!
Apr 24 09:05:03 cis415-desktop kernel: [    0.000000] nr_irqs_gsi: 16
Apr 24 09:05:03 cis415-desktop kernel: [    0.000000] PM: Registered nosave memory: 0000000000002000 - 0000000000006000
Apr 24 09:05:03 cis415-desktop kernel: [    0.000000] PM: Registered nosave memory: 000000000009f000 - 00000000000a0000
Apr 24 09:05:03 cis415-desktop kernel: [    0.000000] PM: Registered nosave memory: 00000000000a0000 - 00000000000f0000
Apr 24 09:05:03 cis415-desktop kernel: [    0.000000] PM: Registered nosave memory: 00000000000f0000 - 0000000000100000
Apr 24 09:05:03 cis415-desktop kernel: [    0.000000] Allocating PCI resources starting at 30000000 (gap: 30000000:cffc0000)
Apr 24 09:05:03 cis415-desktop kernel: [    0.000000] Booting paravirtualized kernel on bare hardware
Apr 24 09:05:03 cis415-desktop kernel: [    0.000000] NR_CPUS:8 nr_cpumask_bits:8 nr_cpu_ids:1 nr_node_ids:1
Apr 24 09:05:03 cis415-desktop kernel: [    0.000000] PERCPU: Embedded 14 pages/cpu @c5800000 s36056 r0 d21288 u4194304
Apr 24 09:05:03 cis415-desktop kernel: [    0.000000] pcpu-alloc: s36056 r0 d21288 u4194304 alloc=1*4194304
Apr 24 09:05:03 cis415-desktop kernel: [    0.000000] pcpu-alloc: [0] 0 
Apr 24 09:05:03 cis415-desktop kernel: [    0.000000] Built 1 zonelists in Zone order, mobility grouping on.  Total pages: 194955
Apr 24 09:05:03 cis415-desktop kernel: [    0.000000] Kernel command line: BOOT_IMAGE=/boot/vmlinuz-2.6.32.57+drm33.23-alpha root=UUID=827fd1f4-3293-40b0-9d20-b12d96d93a7e ro crashkernel=384M-2G:64M,2G-:128M quiet splash
Apr 24 09:05:03 cis415-desktop kernel: [    0.000000] PID hash table entries: 4096 (order: 2, 16384 bytes)
Apr 24 09:05:03 cis415-desktop kernel: [    0.000000] Dentry cache hash table entries: 131072 (order: 7, 524288 bytes)
Apr 24 09:05:03 cis415-desktop kernel: [    0.000000] Inode-cache hash table entries: 65536 (order: 6, 262144 bytes)
Apr 24 09:05:03 cis415-desktop kernel: [    0.000000] Enabling fast FPU save and restore... done.
Apr 24 09:05:03 cis415-desktop kernel: [    0.000000] Enabling unmasked SIMD FPU exception support... done.
Apr 24 09:05:03 cis415-desktop kernel: [    0.000000] Initializing CPU#0
Apr 24 09:05:03 cis415-desktop kernel: [    0.000000] allocated 3931840 bytes of page_cgroup
Apr 24 09:05:03 cis415-desktop kernel: [    0.000000] please try 'cgroup_disable=memory' option if you don't want memory cgroups
Apr 24 09:05:03 cis415-desktop kernel: [    0.000000] Initializing HighMem for node 0 (00000000:00000000)
Apr 24 09:05:03 cis415-desktop kernel: [    0.000000] Memory: 693120k/786368k available (4650k kernel code, 92552k reserved, 2089k data, 660k init, 0k highmem)
Apr 24 09:05:03 cis415-desktop kernel: [    0.000000] virtual kernel memory layout:
Apr 24 09:05:03 cis415-desktop kernel: [    0.000000]     fixmap  : 0xfff1d000 - 0xfffff000   ( 904 kB)
Apr 24 09:05:03 cis415-desktop kernel: [    0.000000]     pkmap   : 0xff800000 - 0xffc00000   (4096 kB)
Apr 24 09:05:03 cis415-desktop kernel: [    0.000000]     vmalloc : 0xf07f0000 - 0xff7fe000   ( 240 MB)
Apr 24 09:05:03 cis415-desktop kernel: [    0.000000]     lowmem  : 0xc0000000 - 0xefff0000   ( 767 MB)
Apr 24 09:05:03 cis415-desktop kernel: [    0.000000]       .init : 0xc0795000 - 0xc083a000   ( 660 kB)
Apr 24 09:05:03 cis415-desktop kernel: [    0.000000]       .data : 0xc058aaf3 - 0xc0794fc8   (2089 kB)
Apr 24 09:05:03 cis415-desktop kernel: [    0.000000]       .text : 0xc0100000 - 0xc058aaf3   (4650 kB)
Apr 24 09:05:03 cis415-desktop kernel: [    0.000000] Checking if this processor honours the WP bit even in supervisor mode...Ok.
Apr 24 09:05:03 cis415-desktop kernel: [    0.000000] SLUB: Genslabs=13, HWalign=128, Order=0-3, MinObjects=0, CPUs=1, Nodes=1
Apr 24 09:05:03 cis415-desktop kernel: [    0.000000] Hierarchical RCU implementation.
Apr 24 09:05:03 cis415-desktop kernel: [    0.000000] NR_IRQS:2304 nr_irqs:256
Apr 24 09:05:03 cis415-desktop kernel: [    0.000000] Console: colour VGA+ 80x25
Apr 24 09:05:03 cis415-desktop kernel: [    0.000000] console [tty0] enabled
Apr 24 09:05:03 cis415-desktop kernel: [    0.000000] Fast TSC calibration failed
Apr 24 09:05:03 cis415-desktop kernel: [    0.000000] TSC: Unable to calibrate against PIT
Apr 24 09:05:03 cis415-desktop kernel: [    0.000000] TSC: HPET/PMTIMER calibration failed.
Apr 24 09:05:03 cis415-desktop kernel: [    0.000000] Marking TSC unstable due to could not calculate TSC khz
Apr 24 09:05:03 cis415-desktop kernel: [    0.016000] Calibrating delay loop... 3686.40 BogoMIPS (lpj=7372800)
Apr 24 09:05:03 cis415-desktop kernel: [    0.112000] Security Framework initialized
Apr 24 09:05:03 cis415-desktop kernel: [    0.112000] AppArmor: AppArmor initialized
Apr 24 09:05:03 cis415-desktop kernel: [    0.112000] Mount-cache hash table entries: 512
Apr 24 09:05:03 cis415-desktop kernel: [    0.112000] Initializing cgroup subsys ns
Apr 24 09:05:03 cis415-desktop kernel: [    0.112000] Initializing cgroup subsys cpuacct
Apr 24 09:05:03 cis415-desktop kernel: [    0.112000] Initializing cgroup subsys memory
Apr 24 09:05:03 cis415-desktop kernel: [    0.112000] Initializing cgroup subsys devices
Apr 24 09:05:03 cis415-desktop kernel: [    0.112000] Initializing cgroup subsys freezer
Apr 24 09:05:03 cis415-desktop kernel: [    0.112000] Initializing cgroup subsys net_cls
Apr 24 09:05:03 cis415-desktop kernel: [    0.112000] CPU: Trace cache: 12K uops, L1 D cache: 32K
Apr 24 09:05:03 cis415-desktop kernel: [    0.112000] CPU: L2 cache: 6144K
Apr 24 09:05:03 cis415-desktop kernel: [    0.112000] mce: CPU supports 0 MCE banks
Apr 24 09:05:03 cis415-desktop kernel: [    0.112000] using mwait in idle threads.
Apr 24 09:05:03 cis415-desktop kernel: [    0.112000] Performance Events: no PMU driver, software events only.
Apr 24 09:05:03 cis415-desktop kernel: [    0.112000] Checking 'hlt' instruction... OK.
Apr 24 09:05:03 cis415-desktop kernel: [    0.148001] SMP alternatives: switching to UP code
Apr 24 09:05:03 cis415-desktop kernel: [    0.676002] Freeing SMP alternatives: 19k freed
Apr 24 09:05:03 cis415-desktop kernel: [    0.676002] ACPI: Core revision 20090903
Apr 24 09:05:03 cis415-desktop kernel: [    0.676002] ACPI: setting ELCR to 0200 (from 0e20)
Apr 24 09:05:03 cis415-desktop kernel: [    0.680002] ftrace: converting mcount calls to 0f 1f 44 00 00
Apr 24 09:05:03 cis415-desktop kernel: [    0.680002] ftrace: allocating 20570 entries in 41 pages
Apr 24 09:05:03 cis415-desktop kernel: [    0.688002] Enabling APIC mode:  Flat.  Using 0 I/O APICs
Apr 24 09:05:03 cis415-desktop kernel: [    0.688002] weird, boot CPU (#0) not listed by the BIOS.
Apr 24 09:05:03 cis415-desktop kernel: [    0.692002] SMP motherboard not detected.
Apr 24 09:05:03 cis415-desktop kernel: [    0.696002] ------------[ cut here ]------------
Apr 24 09:05:03 cis415-desktop kernel: [    0.696002] WARNING: at arch/x86/kernel/apic/apic.c:1259 setup_local_APIC+0x226/0x33b()
Apr 24 09:05:03 cis415-desktop kernel: [    0.696002] Hardware name: VirtualBox
Apr 24 09:05:03 cis415-desktop kernel: [    0.696002] Modules linked in:
Apr 24 09:05:03 cis415-desktop kernel: [    0.696002] Pid: 1, comm: swapper Not tainted 2.6.32.57+drm33.23-alpha #1
Apr 24 09:05:03 cis415-desktop kernel: [    0.696002] Call Trace:
Apr 24 09:05:03 cis415-desktop kernel: [    0.696002]  [<c014b152>] warn_slowpath_common+0x72/0xa0
Apr 24 09:05:03 cis415-desktop kernel: [    0.696002]  [<c0580c05>] ? setup_local_APIC+0x226/0x33b
Apr 24 09:05:03 cis415-desktop kernel: [    0.696002]  [<c0580c05>] ? setup_local_APIC+0x226/0x33b
Apr 24 09:05:03 cis415-desktop kernel: [    0.696002]  [<c014b19a>] warn_slowpath_null+0x1a/0x20
Apr 24 09:05:03 cis415-desktop kernel: [    0.696002]  [<c0580c05>] setup_local_APIC+0x226/0x33b
Apr 24 09:05:03 cis415-desktop kernel: [    0.696002]  [<c07a4bac>] APIC_init_uniprocessor+0x9e/0x106
Apr 24 09:05:03 cis415-desktop kernel: [    0.696002]  [<c07a236f>] ? disable_smp+0x66/0x87
Apr 24 09:05:03 cis415-desktop kernel: [    0.696002]  [<c07a264b>] native_smp_prepare_cpus+0x20f/0x3e0
Apr 24 09:05:03 cis415-desktop kernel: [    0.696002]  [<c0795227>] ? kernel_init+0x0/0x18d
Apr 24 09:05:03 cis415-desktop kernel: [    0.696002]  [<c079527e>] kernel_init+0x57/0x18d
Apr 24 09:05:03 cis415-desktop kernel: [    0.696002]  [<c0795227>] ? kernel_init+0x0/0x18d
Apr 24 09:05:03 cis415-desktop kernel: [    0.696002]  [<c01040a7>] kernel_thread_helper+0x7/0x10
Apr 24 09:05:03 cis415-desktop kernel: [    0.696002] ---[ end trace a7919e7f17c0a725 ]---
Apr 24 09:05:03 cis415-desktop kernel: [    0.700002] APIC calibration not consistent with PM-Timer: 129ms instead of 100ms
Apr 24 09:05:03 cis415-desktop kernel: [    0.700002] APIC delta adjusted to PM-Timer: 6386678 (8255182)
Apr 24 09:05:03 cis415-desktop kernel: [    0.700002] SMP disabled
Apr 24 09:05:03 cis415-desktop kernel: [    0.700002] Brought up 1 CPUs
Apr 24 09:05:03 cis415-desktop kernel: [    0.700002] Total of 1 processors activated (3686.40 BogoMIPS).
Apr 24 09:05:03 cis415-desktop kernel: [    0.700002] CPU0 attaching NULL sched-domain.
Apr 24 09:05:03 cis415-desktop kernel: [    0.700002] devtmpfs: initialized
Apr 24 09:05:03 cis415-desktop kernel: [    0.700002] regulator: core version 0.5
Apr 24 09:05:03 cis415-desktop kernel: [    0.700002] Time: 16:04:45  Date: 04/24/12
Apr 24 09:05:03 cis415-desktop kernel: [    0.700002] NET: Registered protocol family 16
Apr 24 09:05:03 cis415-desktop kernel: [    0.700002] EISA bus registered
Apr 24 09:05:03 cis415-desktop kernel: [    0.700002] ACPI: bus type pci registered
Apr 24 09:05:03 cis415-desktop kernel: [    0.800002] PCI: PCI BIOS revision 2.10 entry at 0xfc040, last bus=0
Apr 24 09:05:03 cis415-desktop kernel: [    0.800002] PCI: Using configuration type 1 for base access
Apr 24 09:05:03 cis415-desktop kernel: [    0.804002] bio: create slab <bio-0> at 0
Apr 24 09:05:03 cis415-desktop kernel: [    0.816002] ACPI: EC: Look up EC in DSDT
Apr 24 09:05:03 cis415-desktop kernel: [    0.816002] ACPI: Executed 1 blocks of module-level executable AML code
Apr 24 09:05:03 cis415-desktop kernel: [    0.824003] ACPI: Interpreter enabled
Apr 24 09:05:03 cis415-desktop kernel: [    0.824003] ACPI: (supports S0 S5)
Apr 24 09:05:03 cis415-desktop kernel: [    0.824003] ACPI: Using PIC for interrupt routing
Apr 24 09:05:03 cis415-desktop kernel: [    0.828003] ACPI: No dock devices found.
Apr 24 09:05:03 cis415-desktop kernel: [    0.828003] ACPI: PCI Root Bridge [PCI0] (0000:00)
Apr 24 09:05:03 cis415-desktop kernel: [    0.832003] pci 0000:00:01.1: reg 20 io port: [0xd000-0xd00f]
Apr 24 09:05:03 cis415-desktop kernel: [    0.840003] pci 0000:00:02.0: reg 10 32bit mmio pref: [0xe0000000-0xe0ffffff]
Apr 24 09:05:03 cis415-desktop kernel: [    0.844003] pci 0000:00:03.0: reg 10 32bit mmio: [0xf0000000-0xf001ffff]
Apr 24 09:05:03 cis415-desktop kernel: [    0.844003] pci 0000:00:03.0: reg 18 io port: [0xd010-0xd017]
Apr 24 09:05:03 cis415-desktop kernel: [    0.848003] pci 0000:00:04.0: reg 10 io port: [0xd020-0xd03f]
Apr 24 09:05:03 cis415-desktop kernel: [    0.848003] pci 0000:00:04.0: reg 14 32bit mmio: [0xf0400000-0xf07fffff]
Apr 24 09:05:03 cis415-desktop kernel: [    0.852003] pci 0000:00:04.0: reg 18 32bit mmio pref: [0xf0800000-0xf0803fff]
Apr 24 09:05:03 cis415-desktop kernel: [    0.852003] pci 0000:00:05.0: reg 10 io port: [0xd100-0xd1ff]
Apr 24 09:05:03 cis415-desktop kernel: [    0.852003] pci 0000:00:05.0: reg 14 io port: [0xd200-0xd23f]
Apr 24 09:05:03 cis415-desktop kernel: [    0.860003] pci 0000:00:06.0: reg 10 32bit mmio: [0xf0804000-0xf0804fff]
Apr 24 09:05:03 cis415-desktop kernel: [    0.864003] pci 0000:00:0d.0: reg 10 io port: [0xd240-0xd247]
Apr 24 09:05:03 cis415-desktop kernel: [    0.864003] pci 0000:00:0d.0: reg 18 io port: [0xd250-0xd257]
Apr 24 09:05:03 cis415-desktop kernel: [    0.864003] pci 0000:00:0d.0: reg 20 io port: [0xd260-0xd26f]
Apr 24 09:05:03 cis415-desktop kernel: [    0.868003] pci 0000:00:0d.0: reg 24 32bit mmio: [0xf0806000-0xf0807fff]
Apr 24 09:05:03 cis415-desktop kernel: [    0.868003] pci_bus 0000:00: on NUMA node 0
Apr 24 09:05:03 cis415-desktop kernel: [    0.868003] ACPI: PCI Interrupt Routing Table [\_SB_.PCI0._PRT]
Apr 24 09:05:03 cis415-desktop kernel: [    0.888003] ACPI: PCI Interrupt Link [LNKA] (IRQs *5 9 10 11)
Apr 24 09:05:03 cis415-desktop kernel: [    0.888003] ACPI: PCI Interrupt Link [LNKB] (IRQs 5 9 10 *11)
Apr 24 09:05:03 cis415-desktop kernel: [    0.888003] ACPI: PCI Interrupt Link [LNKC] (IRQs 5 9 *10 11)
Apr 24 09:05:03 cis415-desktop kernel: [    0.888003] ACPI: PCI Interrupt Link [LNKD] (IRQs 5 *9 10 11)
Apr 24 09:05:03 cis415-desktop kernel: [    0.892003] vgaarb: device added: PCI:0000:00:02.0,decodes=io+mem,owns=io+mem,locks=none
Apr 24 09:05:03 cis415-desktop kernel: [    0.892003] vgaarb: loaded
Apr 24 09:05:03 cis415-desktop kernel: [    0.892003] SCSI subsystem initialized
Apr 24 09:05:03 cis415-desktop kernel: [    0.896003] libata version 3.00 loaded.
Apr 24 09:05:03 cis415-desktop kernel: [    0.900003] usbcore: registered new interface driver usbfs
Apr 24 09:05:03 cis415-desktop kernel: [    0.900003] usbcore: registered new interface driver hub
Apr 24 09:05:03 cis415-desktop kernel: [    0.900003] usbcore: registered new device driver usb
Apr 24 09:05:03 cis415-desktop kernel: [    0.904003] ACPI: WMI: Mapper loaded
Apr 24 09:05:03 cis415-desktop kernel: [    0.904003] PCI: Using ACPI for IRQ routing
Apr 24 09:05:03 cis415-desktop kernel: [    0.908003] NetLabel: Initializing
Apr 24 09:05:03 cis415-desktop kernel: [    0.908003] NetLabel:  domain hash size = 128
Apr 24 09:05:03 cis415-desktop kernel: [    0.908003] NetLabel:  protocols = UNLABELED CIPSOv4
Apr 24 09:05:03 cis415-desktop kernel: [    0.908003] NetLabel:  unlabeled traffic allowed by default
Apr 24 09:05:03 cis415-desktop kernel: [    0.916003] AppArmor: AppArmor Filesystem Enabled
Apr 24 09:05:03 cis415-desktop kernel: [    0.916003] pnp: PnP ACPI init
Apr 24 09:05:03 cis415-desktop kernel: [    0.916003] ACPI: bus type pnp registered
Apr 24 09:05:03 cis415-desktop kernel: [    0.916003] pnp: PnP ACPI: found 5 devices
Apr 24 09:05:03 cis415-desktop kernel: [    0.916003] ACPI: ACPI bus type pnp unregistered
Apr 24 09:05:03 cis415-desktop kernel: [    0.916003] PnPBIOS: Disabled by ACPI PNP
Apr 24 09:05:03 cis415-desktop kernel: [    0.972003] Switching to clocksource acpi_pm
Apr 24 09:05:03 cis415-desktop kernel: [    0.972003] pci_bus 0000:00: resource 0 io:  [0x00-0xffff]
Apr 24 09:05:03 cis415-desktop kernel: [    0.972003] pci_bus 0000:00: resource 1 mem: [0x000000-0xffffffff]
Apr 24 09:05:03 cis415-desktop kernel: [    0.972003] NET: Registered protocol family 2
Apr 24 09:05:03 cis415-desktop kernel: [    0.972003] IP route cache hash table entries: 32768 (order: 5, 131072 bytes)
Apr 24 09:05:03 cis415-desktop kernel: [    0.972003] TCP established hash table entries: 131072 (order: 8, 1048576 bytes)
Apr 24 09:05:03 cis415-desktop kernel: [    0.972003] TCP bind hash table entries: 65536 (order: 7, 524288 bytes)
Apr 24 09:05:03 cis415-desktop kernel: [    0.972003] TCP: Hash tables configured (established 131072 bind 65536)
Apr 24 09:05:03 cis415-desktop kernel: [    0.972003] TCP reno registered
Apr 24 09:05:03 cis415-desktop kernel: [    0.972003] NET: Registered protocol family 1
Apr 24 09:05:03 cis415-desktop kernel: [    0.972003] pci 0000:00:00.0: Limiting direct PCI/PCI transfers
Apr 24 09:05:03 cis415-desktop kernel: [    0.972003] pci 0000:00:01.0: Activating ISA DMA hang workarounds
Apr 24 09:05:03 cis415-desktop kernel: [    0.972003] pci 0000:00:02.0: Boot video device
Apr 24 09:05:03 cis415-desktop kernel: [    0.976062] platform rtc_cmos: registered platform RTC device (no PNP device found)
Apr 24 09:05:03 cis415-desktop kernel: [    0.976062] cpufreq-nforce2: No nForce2 chipset.
Apr 24 09:05:03 cis415-desktop kernel: [    0.976062] Scanning for low memory corruption every 60 seconds
Apr 24 09:05:03 cis415-desktop kernel: [    0.976062] audit: initializing netlink socket (disabled)
Apr 24 09:05:03 cis415-desktop kernel: [    0.976062] type=2000 audit(1335283484.975:1): initialized
Apr 24 09:05:03 cis415-desktop kernel: [    0.984997] Trying to unpack rootfs image as initramfs...
Apr 24 09:05:03 cis415-desktop kernel: [    1.004452] HugeTLB registered 4 MB page size, pre-allocated 0 pages
Apr 24 09:05:03 cis415-desktop kernel: [    1.005211] VFS: Disk quotas dquot_6.5.2
Apr 24 09:05:03 cis415-desktop kernel: [    1.005211] Dquot-cache hash table entries: 1024 (order 0, 4096 bytes)
Apr 24 09:05:03 cis415-desktop kernel: [    1.005211] fuse init (API version 7.13)
Apr 24 09:05:03 cis415-desktop kernel: [    1.005211] msgmni has been set to 1354
Apr 24 09:05:03 cis415-desktop kernel: [    1.008172] alg: No test for stdrng (krng)
Apr 24 09:05:03 cis415-desktop kernel: [    1.008172] Block layer SCSI generic (bsg) driver version 0.4 loaded (major 253)
Apr 24 09:05:03 cis415-desktop kernel: [    1.008172] io scheduler noop registered
Apr 24 09:05:03 cis415-desktop kernel: [    1.008172] io scheduler anticipatory registered
Apr 24 09:05:03 cis415-desktop kernel: [    1.008172] io scheduler deadline registered
Apr 24 09:05:03 cis415-desktop kernel: [    1.008172] io scheduler cfq registered (default)
Apr 24 09:05:03 cis415-desktop kernel: [    1.008172] pci_hotplug: PCI Hot Plug PCI Core version: 0.5
Apr 24 09:05:03 cis415-desktop kernel: [    1.008172] pciehp: PCI Express Hot Plug Controller Driver version: 0.4
Apr 24 09:05:03 cis415-desktop kernel: [    1.008172] ACPI: AC Adapter [AC] (on-line)
Apr 24 09:05:03 cis415-desktop kernel: [    1.008172] input: Power Button as /devices/LNXSYSTM:00/LNXPWRBN:00/input/input0
Apr 24 09:05:03 cis415-desktop kernel: [    1.008172] ACPI: Power Button [PWRF]
Apr 24 09:05:03 cis415-desktop kernel: [    1.008172] input: Sleep Button as /devices/LNXSYSTM:00/LNXSLPBN:00/input/input1
Apr 24 09:05:03 cis415-desktop kernel: [    1.008172] ACPI: Sleep Button [SLPF]
Apr 24 09:05:03 cis415-desktop kernel: [    1.012174] Serial: 8250/16550 driver, 4 ports, IRQ sharing enabled
Apr 24 09:05:03 cis415-desktop kernel: [    1.016906] isapnp: Scanning for PnP cards...
Apr 24 09:05:03 cis415-desktop kernel: [    1.060698] brd: module loaded
Apr 24 09:05:03 cis415-desktop kernel: [    1.060698] loop: module loaded
Apr 24 09:05:03 cis415-desktop kernel: [    1.060698] input: Macintosh mouse button emulation as /devices/virtual/input/input2
Apr 24 09:05:03 cis415-desktop kernel: [    1.060698] ata_piix 0000:00:01.1: version 2.13
Apr 24 09:05:03 cis415-desktop kernel: [    1.069659] ata_piix 0000:00:01.1: setting latency timer to 64
Apr 24 09:05:03 cis415-desktop kernel: [    1.069659] scsi0 : ata_piix
Apr 24 09:05:03 cis415-desktop kernel: [    1.069659] scsi1 : ata_piix
Apr 24 09:05:03 cis415-desktop kernel: [    1.069659] ata1: PATA max UDMA/33 cmd 0x1f0 ctl 0x3f6 bmdma 0xd000 irq 14
Apr 24 09:05:03 cis415-desktop kernel: [    1.069659] ata2: PATA max UDMA/33 cmd 0x170 ctl 0x376 bmdma 0xd008 irq 15
Apr 24 09:05:03 cis415-desktop kernel: [    1.069659] Fixed MDIO Bus: probed
Apr 24 09:05:03 cis415-desktop kernel: [    1.069659] PPP generic driver version 2.4.2
Apr 24 09:05:03 cis415-desktop kernel: [    1.069659] tun: Universal TUN/TAP device driver, 1.6
Apr 24 09:05:03 cis415-desktop kernel: [    1.069659] tun: (C) 1999-2004 Max Krasnyansky <maxk@qualcomm.com>
Apr 24 09:05:03 cis415-desktop kernel: [    1.069659] ehci_hcd: USB 2.0 'Enhanced' Host Controller (EHCI) Driver
Apr 24 09:05:03 cis415-desktop kernel: [    1.069659] ohci_hcd: USB 1.1 'Open' Host Controller (OHCI) Driver
Apr 24 09:05:03 cis415-desktop kernel: [    1.076773] ACPI: PCI Interrupt Link [LNKB] enabled at IRQ 11
Apr 24 09:05:03 cis415-desktop kernel: [    1.076773] PCI: setting IRQ 11 as level-triggered
Apr 24 09:05:03 cis415-desktop kernel: [    1.076773] ohci_hcd 0000:00:06.0: PCI INT A -> Link[LNKB] -> GSI 11 (level, low) -> IRQ 11
Apr 24 09:05:03 cis415-desktop kernel: [    1.076773] ohci_hcd 0000:00:06.0: setting latency timer to 64
Apr 24 09:05:03 cis415-desktop kernel: [    1.076773] ohci_hcd 0000:00:06.0: OHCI Host Controller
Apr 24 09:05:03 cis415-desktop kernel: [    1.076773] ohci_hcd 0000:00:06.0: new USB bus registered, assigned bus number 1
Apr 24 09:05:03 cis415-desktop kernel: [    1.076773] ohci_hcd 0000:00:06.0: irq 11, io mem 0xf0804000
Apr 24 09:05:03 cis415-desktop kernel: [    1.158395] usb usb1: configuration #1 chosen from 1 choice
Apr 24 09:05:03 cis415-desktop kernel: [    1.158395] hub 1-0:1.0: USB hub found
Apr 24 09:05:03 cis415-desktop kernel: [    1.158395] hub 1-0:1.0: 8 ports detected
Apr 24 09:05:03 cis415-desktop kernel: [    1.158395] uhci_hcd: USB Universal Host Controller Interface driver
Apr 24 09:05:03 cis415-desktop kernel: [    1.158395] PNP: PS/2 Controller [PNP0303:PS2K,PNP0f03:PS2M] at 0x60,0x64 irq 1,12
Apr 24 09:05:03 cis415-desktop kernel: [    1.158395] i8042.c: No controller found.
Apr 24 09:05:03 cis415-desktop kernel: [    1.158395] mice: PS/2 mouse device common for all mice
Apr 24 09:05:03 cis415-desktop kernel: [    1.164645] rtc_cmos rtc_cmos: rtc core: registered rtc_cmos as rtc0
Apr 24 09:05:03 cis415-desktop kernel: [    1.164645] rtc0: alarms up to one day, 114 bytes nvram
Apr 24 09:05:03 cis415-desktop kernel: [    1.164645] device-mapper: uevent: version 1.0.3
Apr 24 09:05:03 cis415-desktop kernel: [    1.164645] device-mapper: ioctl: 4.15.0-ioctl (2009-04-01) initialised: dm-devel@redhat.com
Apr 24 09:05:03 cis415-desktop kernel: [    1.164645] device-mapper: multipath: version 1.1.0 loaded
Apr 24 09:05:03 cis415-desktop kernel: [    1.164645] device-mapper: multipath round-robin: version 1.0.0 loaded
Apr 24 09:05:03 cis415-desktop kernel: [    1.164645] EISA: Probing bus 0 at eisa.0
Apr 24 09:05:03 cis415-desktop kernel: [    1.164645] Cannot allocate resource for EISA slot 4
Apr 24 09:05:03 cis415-desktop kernel: [    1.164645] EISA: Detected 0 cards.
Apr 24 09:05:03 cis415-desktop kernel: [    1.164645] cpuidle: using governor ladder
Apr 24 09:05:03 cis415-desktop kernel: [    1.164645] cpuidle: using governor menu
Apr 24 09:05:03 cis415-desktop kernel: [    1.172259] TCP cubic registered
Apr 24 09:05:03 cis415-desktop kernel: [    1.172259] NET: Registered protocol family 10
Apr 24 09:05:03 cis415-desktop kernel: [    1.172259] NET: Registered protocol family 17
Apr 24 09:05:03 cis415-desktop kernel: [    1.172259] Using IPI No-Shortcut mode
Apr 24 09:05:03 cis415-desktop kernel: [    1.180934] PM: Resume from disk failed.
Apr 24 09:05:03 cis415-desktop kernel: [    1.180934] registered taskstats version 1
Apr 24 09:05:03 cis415-desktop kernel: [    1.180934]   Magic number: 8:2:86
Apr 24 09:05:03 cis415-desktop kernel: [    1.180934] rtc_cmos rtc_cmos: setting system clock to 2012-04-24 16:04:45 UTC (1335283485)
Apr 24 09:05:03 cis415-desktop kernel: [    1.180934] BIOS EDD facility v0.16 2004-Jun-25, 0 devices found
Apr 24 09:05:03 cis415-desktop kernel: [    1.180934] EDD information not available.
Apr 24 09:05:03 cis415-desktop kernel: [    1.252177] ata2.00: ATAPI: VBOX CD-ROM, 1.0, max UDMA/133
Apr 24 09:05:03 cis415-desktop kernel: [    1.252177] ata2.00: configured for UDMA/33
Apr 24 09:05:03 cis415-desktop kernel: [    1.644682] usb 1-1: new full speed USB device using ohci_hcd and address 2
Apr 24 09:05:03 cis415-desktop kernel: [    1.648371] Freeing initrd memory: 8117k freed
Apr 24 09:05:03 cis415-desktop kernel: [    1.696311] isapnp: No Plug & Play device found
Apr 24 09:05:03 cis415-desktop kernel: [    1.700332] scsi 1:0:0:0: CD-ROM            VBOX     CD-ROM           1.0  PQ: 0 ANSI: 5
Apr 24 09:05:03 cis415-desktop kernel: [    1.704332] sr0: scsi3-mmc drive: 32x/32x xa/form2 tray
Apr 24 09:05:03 cis415-desktop kernel: [    1.704332] Uniform CD-ROM driver Revision: 3.20
Apr 24 09:05:03 cis415-desktop kernel: [    1.704332] sr 1:0:0:0: Attached scsi CD-ROM sr0
Apr 24 09:05:03 cis415-desktop kernel: [    1.704332] sr 1:0:0:0: Attached scsi generic sg0 type 5
Apr 24 09:05:03 cis415-desktop kernel: [    1.704332] Freeing unused kernel memory: 660k freed
Apr 24 09:05:03 cis415-desktop kernel: [    1.714731] Write protecting the kernel text: 4652k
Apr 24 09:05:03 cis415-desktop kernel: [    1.728794] Write protecting the kernel read-only data: 1808k
Apr 24 09:05:03 cis415-desktop kernel: [    1.952705] udev: starting version 151
Apr 24 09:05:03 cis415-desktop kernel: [    1.960664] usb 1-1: configuration #1 chosen from 1 choice
Apr 24 09:05:03 cis415-desktop kernel: [    2.368806] usbcore: registered new interface driver hiddev
Apr 24 09:05:03 cis415-desktop kernel: [    2.433717] input: VirtualBox USB Tablet as /devices/pci0000:00/0000:00:06.0/usb1/1-1/1-1:1.0/input/input3
Apr 24 09:05:03 cis415-desktop kernel: [    2.433717] generic-usb 0003:80EE:0021.0001: input,hidraw0: USB HID v1.10 Mouse [VirtualBox USB Tablet] on usb-0000:00:06.0-1/input0
Apr 24 09:05:03 cis415-desktop kernel: [    2.433717] usbcore: registered new interface driver usbhid
Apr 24 09:05:03 cis415-desktop kernel: [    2.433717] usbhid: v2.6:USB HID core driver
Apr 24 09:05:03 cis415-desktop kernel: [    2.976644] ahci 0000:00:0d.0: version 3.0
Apr 24 09:05:03 cis415-desktop kernel: [    2.996182] Intel(R) PRO/1000 Network Driver - version 7.3.21-k5-NAPI
Apr 24 09:05:03 cis415-desktop kernel: [    2.996182] Copyright (c) 1999-2006 Intel Corporation.
Apr 24 09:05:03 cis415-desktop kernel: [    3.028181] ACPI: PCI Interrupt Link [LNKA] enabled at IRQ 5
Apr 24 09:05:03 cis415-desktop kernel: [    3.028181] PCI: setting IRQ 5 as level-triggered
Apr 24 09:05:03 cis415-desktop kernel: [    3.028181] ahci 0000:00:0d.0: PCI INT A -> Link[LNKA] -> GSI 5 (level, low) -> IRQ 5
Apr 24 09:05:03 cis415-desktop kernel: [    3.028181] ahci: SSS flag set, parallel bus scan disabled
Apr 24 09:05:03 cis415-desktop kernel: [    3.028181] ahci 0000:00:0d.0: AHCI 0001.0100 32 slots 1 ports 3 Gbps 0x1 impl SATA mode
Apr 24 09:05:03 cis415-desktop kernel: [    3.028181] ahci 0000:00:0d.0: flags: 64bit ncq stag only ccc 
Apr 24 09:05:03 cis415-desktop kernel: [    3.028181] ahci 0000:00:0d.0: setting latency timer to 64
Apr 24 09:05:03 cis415-desktop kernel: [    3.056229] scsi2 : ahci
Apr 24 09:05:03 cis415-desktop kernel: [    3.056229] ata3: SATA max UDMA/133 abar m8192@0xf0806000 port 0xf0806100 irq 5
Apr 24 09:05:03 cis415-desktop kernel: [    3.056229] ACPI: PCI Interrupt Link [LNKC] enabled at IRQ 10
Apr 24 09:05:03 cis415-desktop kernel: [    3.056229] PCI: setting IRQ 10 as level-triggered
Apr 24 09:05:03 cis415-desktop kernel: [    3.056229] e1000 0000:00:03.0: PCI INT A -> Link[LNKC] -> GSI 10 (level, low) -> IRQ 10
Apr 24 09:05:03 cis415-desktop kernel: [    3.056229] e1000 0000:00:03.0: setting latency timer to 64
Apr 24 09:05:03 cis415-desktop kernel: [    3.620176] e1000: 0000:00:03.0: e1000_probe: (PCI:33MHz:32-bit) 08:00:27:c8:c0:db
Apr 24 09:05:03 cis415-desktop kernel: [    3.696755] e1000: eth0: e1000_probe: Intel(R) PRO/1000 Network Connection
Apr 24 09:05:03 cis415-desktop kernel: [    3.937105] ata3: SATA link up 3.0 Gbps (SStatus 123 SControl 300)
Apr 24 09:05:03 cis415-desktop kernel: [    3.937105] ata3.00: ATA-6: VBOX HARDDISK, 1.0, max UDMA/133
Apr 24 09:05:03 cis415-desktop kernel: [    3.937105] ata3.00: 41943040 sectors, multi 128: LBA48 NCQ (depth 31/32)
Apr 24 09:05:03 cis415-desktop kernel: [    3.937105] ata3.00: configured for UDMA/133
Apr 24 09:05:03 cis415-desktop kernel: [    3.937105] scsi 2:0:0:0: Direct-Access     ATA      VBOX HARDDISK    1.0  PQ: 0 ANSI: 5
Apr 24 09:05:03 cis415-desktop kernel: [    3.937105] sd 2:0:0:0: Attached scsi generic sg1 type 0
Apr 24 09:05:03 cis415-desktop kernel: [    3.937105] sd 2:0:0:0: [sda] 41943040 512-byte logical blocks: (21.4 GB/20.0 GiB)
Apr 24 09:05:03 cis415-desktop kernel: [    3.937105] sd 2:0:0:0: [sda] Write Protect is off
Apr 24 09:05:03 cis415-desktop kernel: [    3.937105] sd 2:0:0:0: [sda] Mode Sense: 00 3a 00 00
Apr 24 09:05:03 cis415-desktop kernel: [    3.937105] sd 2:0:0:0: [sda] Write cache: enabled, read cache: enabled, doesn't support DPO or FUA
Apr 24 09:05:03 cis415-desktop kernel: [    3.937105]  sda: sda1 sda2 < sda5 >
Apr 24 09:05:03 cis415-desktop kernel: [    3.940150] sd 2:0:0:0: [sda] Attached SCSI disk
Apr 24 09:05:03 cis415-desktop kernel: [    4.208200] EXT4-fs (sda1): mounted filesystem with ordered data mode
Apr 24 09:05:03 cis415-desktop kernel: [   10.948194] Adding 916472k swap on /dev/sda5.  Priority:-1 extents:1 across:916472k 
Apr 24 09:05:03 cis415-desktop kernel: [   11.016230] udev: starting version 151
Apr 24 09:05:03 cis415-desktop kernel: [   11.489091] piix4_smbus 0000:00:07.0: SMBus base address uninitialized - upgrade BIOS or use force_addr=0xaddr
Apr 24 09:05:03 cis415-desktop kernel: [   11.800394] lp: driver loaded but no devices found
Apr 24 09:05:03 cis415-desktop kernel: [   12.052392] udev: renamed network interface eth0 to eth1
Apr 24 09:05:03 cis415-desktop kernel: [   12.184444] vga16fb: initializing
Apr 24 09:05:03 cis415-desktop kernel: [   12.184444] vga16fb: mapped to 0xc00a0000
Apr 24 09:05:03 cis415-desktop kernel: [   12.184444] fb0: VGA16 VGA frame buffer device
Apr 24 09:05:03 cis415-desktop kernel: [   13.568914] parport_pc 00:04: reported by Plug and Play ACPI
Apr 24 09:05:03 cis415-desktop kernel: [   15.352567] ppdev: user-space parallel port driver
Apr 24 09:05:03 cis415-desktop kernel: [   15.500860] type=1505 audit(1335283499.817:2):  operation="profile_load" pid=418 name="/sbin/dhclient3"
Apr 24 09:05:03 cis415-desktop kernel: [   15.500860] type=1505 audit(1335283499.817:3):  operation="profile_load" pid=418 name="/usr/lib/NetworkManager/nm-dhcp-client.action"
Apr 24 09:05:03 cis415-desktop kernel: [   15.500860] type=1505 audit(1335283499.817:4):  operation="profile_load" pid=418 name="/usr/lib/connman/scripts/dhclient-script"
Apr 24 09:05:03 cis415-desktop kernel: [   15.620830] type=1505 audit(1335283499.937:5):  operation="profile_replace" pid=433 name="/sbin/dhclient3"
Apr 24 09:05:03 cis415-desktop kernel: [   15.620830] type=1505 audit(1335283499.937:6):  operation="profile_replace" pid=433 name="/usr/lib/NetworkManager/nm-dhcp-client.action"
Apr 24 09:05:03 cis415-desktop kernel: [   15.620830] type=1505 audit(1335283499.937:7):  operation="profile_replace" pid=433 name="/usr/lib/connman/scripts/dhclient-script"
Apr 24 09:05:03 cis415-desktop kernel: [   16.684192] Intel ICH 0000:00:05.0: PCI INT A -> Link[LNKA] -> GSI 5 (level, low) -> IRQ 5
Apr 24 09:05:03 cis415-desktop kernel: [   16.684192] Intel ICH 0000:00:05.0: setting latency timer to 64
Apr 24 09:05:03 cis415-desktop kernel: [   17.509543] intel8x0_measure_ac97_clock: measured 480007 usecs (30798 samples)
Apr 24 09:05:03 cis415-desktop kernel: [   17.509543] intel8x0: measured clock 64161 rejected
Apr 24 09:05:03 cis415-desktop kernel: [   17.576505] Console: switching to colour frame buffer device 80x30
Apr 24 09:05:03 cis415-desktop kernel: [   18.565484] intel8x0_measure_ac97_clock: measured 55110 usecs (8122 samples)
Apr 24 09:05:03 cis415-desktop kernel: [   18.565484] intel8x0: measured clock 147377 rejected
Apr 24 09:05:03 cis415-desktop kernel: [   19.160483] intel8x0_measure_ac97_clock: measured 55825 usecs (7536 samples)
Apr 24 09:05:03 cis415-desktop kernel: [   19.160483] intel8x0: measured clock 134993 rejected
Apr 24 09:05:03 cis415-desktop kernel: [   19.160483] intel8x0: clocking to 48000
Apr 24 09:05:04 cis415-desktop avahi-daemon[559]: Found user 'avahi' (UID 104) and group 'avahi' (GID 111).
Apr 24 09:05:04 cis415-desktop avahi-daemon[559]: Successfully dropped root privileges.
Apr 24 09:05:04 cis415-desktop avahi-daemon[559]: avahi-daemon 0.6.25 starting up.
Apr 24 09:05:04 cis415-desktop avahi-daemon[559]: Successfully called chroot().
Apr 24 09:05:04 cis415-desktop avahi-daemon[559]: Successfully dropped remaining capabilities.
Apr 24 09:05:04 cis415-desktop avahi-daemon[559]: No service file found in /etc/avahi/services.
